2025-10-28T15:39:34.904-05:00  INFO 31304 --- [global-config] [restartedMain] o.cibertec.TransporteServiceApplication  : Starting TransporteServiceApplication using Java 21.0.8 with PID 31304 (C:\Users\ronca\OneDrive\Escritorio\Dev\DAW2\transporte-service\target\classes started by Arturo in C:\Users\ronca\OneDrive\Escritorio\Dev\DAW2\transporte-service)
2025-10-28T15:39:34.907-05:00  INFO 31304 --- [global-config] [restartedMain] o.cibertec.TransporteServiceApplication  : No active profile set, falling back to 1 default profile: "default"
2025-10-28T15:39:34.982-05:00  INFO 31304 --- [global-config] [restartedMain] o.s.c.c.c.ConfigServerConfigDataLoader   : Fetching config from server at : http://localhost:8888
2025-10-28T15:39:34.982-05:00  INFO 31304 --- [global-config] [restartedMain] o.s.c.c.c.ConfigServerConfigDataLoader   : Located environment: name=transporte-service, profiles=[default], label=null, version=null, state=null
2025-10-28T15:39:34.983-05:00  INFO 31304 --- [global-config] [restartedMain] o.s.c.c.c.ConfigServerConfigDataLoader   : Fetching config from server at : http://localhost:8888
2025-10-28T15:39:34.983-05:00  INFO 31304 --- [global-config] [restartedMain] o.s.c.c.c.ConfigServerConfigDataLoader   : Located environment: name=global-config, profiles=[default], label=null, version=null, state=null
2025-10-28T15:39:34.986-05:00  INFO 31304 --- [global-config] [restartedMain] .e.DevToolsPropertyDefaultsPostProcessor : Devtools property defaults active! Set 'spring.devtools.add-properties' to 'false' to disable
2025-10-28T15:39:34.987-05:00  INFO 31304 --- [global-config] [restartedMain] .e.DevToolsPropertyDefaultsPostProcessor : For additional web related logging consider setting the 'logging.level.web' property to 'DEBUG'
2025-10-28T15:39:36.232-05:00  INFO 31304 --- [global-config] [restartedMain] .s.d.r.c.RepositoryConfigurationDelegate : Bootstrapping Spring Data JPA repositories in DEFAULT mode.
2025-10-28T15:39:36.511-05:00  INFO 31304 --- [global-config] [restartedMain] .s.d.r.c.RepositoryConfigurationDelegate : Finished Spring Data repository scanning in 263 ms. Found 1 JPA repository interface.
2025-10-28T15:39:37.008-05:00  INFO 31304 --- [global-config] [restartedMain] o.s.cloud.context.scope.GenericScope     : BeanFactory id=8cc82f8a-dd28-3752-824d-cba5effb77e2
2025-10-28T15:39:37.970-05:00  INFO 31304 --- [global-config] [restartedMain] o.s.b.w.embedded.tomcat.TomcatWebServer  : Tomcat initialized with port 8080 (http)
2025-10-28T15:39:37.998-05:00  INFO 31304 --- [global-config] [restartedMain] o.apache.catalina.core.StandardService   : Starting service [Tomcat]
2025-10-28T15:39:37.999-05:00  INFO 31304 --- [global-config] [restartedMain] o.apache.catalina.core.StandardEngine    : Starting Servlet engine: [Apache Tomcat/10.1.46]
2025-10-28T15:39:38.145-05:00  INFO 31304 --- [global-config] [restartedMain] o.a.c.c.C.[Tomcat].[localhost].[/]       : Initializing Spring embedded WebApplicationContext
2025-10-28T15:39:38.145-05:00  INFO 31304 --- [global-config] [restartedMain] w.s.c.ServletWebServerApplicationContext : Root WebApplicationContext: initialization completed in 3158 ms
2025-10-28T15:39:38.471-05:00  INFO 31304 --- [global-config] [restartedMain] com.zaxxer.hikari.HikariDataSource       : HikariPool-1 - Starting...
2025-10-28T15:39:39.040-05:00  INFO 31304 --- [global-config] [restartedMain] com.zaxxer.hikari.pool.HikariPool        : HikariPool-1 - Added connection com.mysql.cj.jdbc.ConnectionImpl@1c995190
2025-10-28T15:39:39.043-05:00  INFO 31304 --- [global-config] [restartedMain] com.zaxxer.hikari.HikariDataSource       : HikariPool-1 - Start completed.
2025-10-28T15:39:39.132-05:00  INFO 31304 --- [global-config] [restartedMain] o.hibernate.jpa.internal.util.LogHelper  : HHH000204: Processing PersistenceUnitInfo [name: default]
2025-10-28T15:39:39.240-05:00  INFO 31304 --- [global-config] [restartedMain] org.hibernate.Version                    : HHH000412: Hibernate ORM core version 6.6.29.Final
2025-10-28T15:39:39.309-05:00  INFO 31304 --- [global-config] [restartedMain] o.h.c.internal.RegionFactoryInitiator    : HHH000026: Second-level cache disabled
2025-10-28T15:39:39.888-05:00  INFO 31304 --- [global-config] [restartedMain] o.s.o.j.p.SpringPersistenceUnitInfo      : No LoadTimeWeaver setup: ignoring JPA class transformer
2025-10-28T15:39:40.095-05:00  INFO 31304 --- [global-config] [restartedMain] org.hibernate.orm.connections.pooling    : HHH10001005: Database info:
	Database JDBC URL [Connecting through datasource 'HikariDataSource (HikariPool-1)']
	Database driver: undefined/unknown
	Database version: 8.0.34
	Autocommit mode: undefined/unknown
	Isolation level: undefined/unknown
	Minimum pool size: undefined/unknown
	Maximum pool size: undefined/unknown
2025-10-28T15:39:41.862-05:00  INFO 31304 --- [global-config] [restartedMain] o.h.e.t.j.p.i.JtaPlatformInitiator       : HHH000489: No JTA platform available (set 'hibernate.transaction.jta.platform' to enable JTA platform integration)
2025-10-28T15:39:41.869-05:00  INFO 31304 --- [global-config] [restartedMain] j.LocalContainerEntityManagerFactoryBean : Initialized JPA EntityManagerFactory for persistence unit 'default'
2025-10-28T15:39:42.299-05:00  WARN 31304 --- [global-config] [restartedMain] ConfigServletWebServerApplicationContext : Exception encountered during context initialization - cancelling refresh attempt: org.springframework.beans.factory.UnsatisfiedDependencyException: Error creating bean with name 'transporteController': Unsatisfied dependency expressed through field 'transporteService': Error creating bean with name 'transporteService': Unsatisfied dependency expressed through field 'reservaClient': No qualifying bean of type 'org.cibertec.client.ReservaFeignClient' available: expected at least 1 bean which qualifies as autowire candidate. Dependency annotations: {@org.springframework.beans.factory.annotation.Autowired(required=true)}
2025-10-28T15:39:42.300-05:00  INFO 31304 --- [global-config] [restartedMain] j.LocalContainerEntityManagerFactoryBean : Closing JPA EntityManagerFactory for persistence unit 'default'
2025-10-28T15:39:42.305-05:00  INFO 31304 --- [global-config] [restartedMain] com.zaxxer.hikari.HikariDataSource       : HikariPool-1 - Shutdown initiated...
2025-10-28T15:39:42.321-05:00  INFO 31304 --- [global-config] [restartedMain] com.zaxxer.hikari.HikariDataSource       : HikariPool-1 - Shutdown completed.
2025-10-28T15:39:42.326-05:00  INFO 31304 --- [global-config] [restartedMain] o.apache.catalina.core.StandardService   : Stopping service [Tomcat]
2025-10-28T15:39:42.351-05:00  INFO 31304 --- [global-config] [restartedMain] .s.b.a.l.ConditionEvaluationReportLogger : 

Error starting ApplicationContext. To display the condition evaluation report re-run your application with 'debug' enabled.
2025-10-28T15:39:42.407-05:00 ERROR 31304 --- [global-config] [restartedMain] o.s.b.d.LoggingFailureAnalysisReporter   : 

***************************
APPLICATION FAILED TO START
***************************

Description:

Field reservaClient in org.cibertec.service.TransporteService required a bean of type 'org.cibertec.client.ReservaFeignClient' that could not be found.

The injection point has the following annotations:
	- @org.springframework.beans.factory.annotation.Autowired(required=true)


Action:

Consider defining a bean of type 'org.cibertec.client.ReservaFeignClient' in your configuration.

2025-10-28T15:46:59.334-05:00  INFO 2712 --- [global-config] [restartedMain] o.cibertec.TransporteServiceApplication  : Starting TransporteServiceApplication using Java 21.0.8 with PID 2712 (C:\Users\ronca\OneDrive\Escritorio\Dev\DAW2\transporte-service\target\classes started by Arturo in C:\Users\ronca\OneDrive\Escritorio\Dev\DAW2\transporte-service)
2025-10-28T15:46:59.339-05:00  INFO 2712 --- [global-config] [restartedMain] o.cibertec.TransporteServiceApplication  : No active profile set, falling back to 1 default profile: "default"
2025-10-28T15:46:59.414-05:00  INFO 2712 --- [global-config] [restartedMain] o.s.c.c.c.ConfigServerConfigDataLoader   : Fetching config from server at : http://localhost:8888
2025-10-28T15:46:59.415-05:00  INFO 2712 --- [global-config] [restartedMain] o.s.c.c.c.ConfigServerConfigDataLoader   : Located environment: name=transporte-service, profiles=[default], label=null, version=null, state=null
2025-10-28T15:46:59.415-05:00  INFO 2712 --- [global-config] [restartedMain] o.s.c.c.c.ConfigServerConfigDataLoader   : Fetching config from server at : http://localhost:8888
2025-10-28T15:46:59.415-05:00  INFO 2712 --- [global-config] [restartedMain] o.s.c.c.c.ConfigServerConfigDataLoader   : Located environment: name=global-config, profiles=[default], label=null, version=null, state=null
2025-10-28T15:46:59.419-05:00  INFO 2712 --- [global-config] [restartedMain] .e.DevToolsPropertyDefaultsPostProcessor : Devtools property defaults active! Set 'spring.devtools.add-properties' to 'false' to disable
2025-10-28T15:46:59.419-05:00  INFO 2712 --- [global-config] [restartedMain] .e.DevToolsPropertyDefaultsPostProcessor : For additional web related logging consider setting the 'logging.level.web' property to 'DEBUG'
2025-10-28T15:47:00.892-05:00  INFO 2712 --- [global-config] [restartedMain] .s.d.r.c.RepositoryConfigurationDelegate : Bootstrapping Spring Data JPA repositories in DEFAULT mode.
2025-10-28T15:47:01.192-05:00  INFO 2712 --- [global-config] [restartedMain] .s.d.r.c.RepositoryConfigurationDelegate : Finished Spring Data repository scanning in 278 ms. Found 1 JPA repository interface.
2025-10-28T15:47:01.537-05:00  INFO 2712 --- [global-config] [restartedMain] o.s.cloud.context.scope.GenericScope     : BeanFactory id=8cc82f8a-dd28-3752-824d-cba5effb77e2
2025-10-28T15:47:02.329-05:00  INFO 2712 --- [global-config] [restartedMain] o.s.b.w.embedded.tomcat.TomcatWebServer  : Tomcat initialized with port 8080 (http)
2025-10-28T15:47:02.353-05:00  INFO 2712 --- [global-config] [restartedMain] o.apache.catalina.core.StandardService   : Starting service [Tomcat]
2025-10-28T15:47:02.354-05:00  INFO 2712 --- [global-config] [restartedMain] o.apache.catalina.core.StandardEngine    : Starting Servlet engine: [Apache Tomcat/10.1.46]
2025-10-28T15:47:02.456-05:00  INFO 2712 --- [global-config] [restartedMain] o.a.c.c.C.[Tomcat].[localhost].[/]       : Initializing Spring embedded WebApplicationContext
2025-10-28T15:47:02.457-05:00  INFO 2712 --- [global-config] [restartedMain] w.s.c.ServletWebServerApplicationContext : Root WebApplicationContext: initialization completed in 3036 ms
2025-10-28T15:47:02.701-05:00  INFO 2712 --- [global-config] [restartedMain] com.zaxxer.hikari.HikariDataSource       : HikariPool-1 - Starting...
2025-10-28T15:47:03.294-05:00  INFO 2712 --- [global-config] [restartedMain] com.zaxxer.hikari.pool.HikariPool        : HikariPool-1 - Added connection com.mysql.cj.jdbc.ConnectionImpl@1fc837b2
2025-10-28T15:47:03.298-05:00  INFO 2712 --- [global-config] [restartedMain] com.zaxxer.hikari.HikariDataSource       : HikariPool-1 - Start completed.
2025-10-28T15:47:03.398-05:00  INFO 2712 --- [global-config] [restartedMain] o.hibernate.jpa.internal.util.LogHelper  : HHH000204: Processing PersistenceUnitInfo [name: default]
2025-10-28T15:47:03.518-05:00  INFO 2712 --- [global-config] [restartedMain] org.hibernate.Version                    : HHH000412: Hibernate ORM core version 6.6.29.Final
2025-10-28T15:47:03.589-05:00  INFO 2712 --- [global-config] [restartedMain] o.h.c.internal.RegionFactoryInitiator    : HHH000026: Second-level cache disabled
2025-10-28T15:47:04.141-05:00  INFO 2712 --- [global-config] [restartedMain] o.s.o.j.p.SpringPersistenceUnitInfo      : No LoadTimeWeaver setup: ignoring JPA class transformer
2025-10-28T15:47:04.331-05:00  INFO 2712 --- [global-config] [restartedMain] org.hibernate.orm.connections.pooling    : HHH10001005: Database info:
	Database JDBC URL [Connecting through datasource 'HikariDataSource (HikariPool-1)']
	Database driver: undefined/unknown
	Database version: 8.0.34
	Autocommit mode: undefined/unknown
	Isolation level: undefined/unknown
	Minimum pool size: undefined/unknown
	Maximum pool size: undefined/unknown
2025-10-28T15:47:06.077-05:00  INFO 2712 --- [global-config] [restartedMain] o.h.e.t.j.p.i.JtaPlatformInitiator       : HHH000489: No JTA platform available (set 'hibernate.transaction.jta.platform' to enable JTA platform integration)
2025-10-28T15:47:06.087-05:00  INFO 2712 --- [global-config] [restartedMain] j.LocalContainerEntityManagerFactoryBean : Initialized JPA EntityManagerFactory for persistence unit 'default'
2025-10-28T15:47:06.497-05:00  WARN 2712 --- [global-config] [restartedMain] ConfigServletWebServerApplicationContext : Exception encountered during context initialization - cancelling refresh attempt: org.springframework.beans.factory.UnsatisfiedDependencyException: Error creating bean with name 'transporteController': Unsatisfied dependency expressed through field 'transporteService': Error creating bean with name 'transporteService': Unsatisfied dependency expressed through field 'reservaClient': No qualifying bean of type 'org.cibertec.client.ReservaFeignClient' available: expected at least 1 bean which qualifies as autowire candidate. Dependency annotations: {@org.springframework.beans.factory.annotation.Autowired(required=true)}
2025-10-28T15:47:06.497-05:00  INFO 2712 --- [global-config] [restartedMain] j.LocalContainerEntityManagerFactoryBean : Closing JPA EntityManagerFactory for persistence unit 'default'
2025-10-28T15:47:06.502-05:00  INFO 2712 --- [global-config] [restartedMain] com.zaxxer.hikari.HikariDataSource       : HikariPool-1 - Shutdown initiated...
2025-10-28T15:47:06.518-05:00  INFO 2712 --- [global-config] [restartedMain] com.zaxxer.hikari.HikariDataSource       : HikariPool-1 - Shutdown completed.
2025-10-28T15:47:06.523-05:00  INFO 2712 --- [global-config] [restartedMain] o.apache.catalina.core.StandardService   : Stopping service [Tomcat]
2025-10-28T15:47:06.541-05:00  INFO 2712 --- [global-config] [restartedMain] .s.b.a.l.ConditionEvaluationReportLogger : 

Error starting ApplicationContext. To display the condition evaluation report re-run your application with 'debug' enabled.
2025-10-28T15:47:06.591-05:00 ERROR 2712 --- [global-config] [restartedMain] o.s.b.d.LoggingFailureAnalysisReporter   : 

***************************
APPLICATION FAILED TO START
***************************

Description:

Field reservaClient in org.cibertec.service.TransporteService required a bean of type 'org.cibertec.client.ReservaFeignClient' that could not be found.

The injection point has the following annotations:
	- @org.springframework.beans.factory.annotation.Autowired(required=true)


Action:

Consider defining a bean of type 'org.cibertec.client.ReservaFeignClient' in your configuration.

