2025-10-13T20:54:18.264-05:00  INFO 26592 --- [auth-server] [main] org.cibertec.AuthServerApplication       : Starting AuthServerApplication using Java 21.0.6 with PID 26592 (C:\DAWII\auth-server\target\classes started by User in C:\DAWII\auth-server)
2025-10-13T20:54:18.265-05:00  INFO 26592 --- [auth-server] [main] org.cibertec.AuthServerApplication       : No active profile set, falling back to 1 default profile: "default"
2025-10-13T20:54:18.285-05:00  INFO 26592 --- [auth-server] [main] o.s.c.c.c.ConfigServerConfigDataLoader   : Fetching config from server at : http://localhost:8888
2025-10-13T20:54:18.285-05:00  INFO 26592 --- [auth-server] [main] o.s.c.c.c.ConfigServerConfigDataLoader   : Located environment: name=auth-server, profiles=[default], label=null, version=null, state=null
2025-10-13T20:54:18.817-05:00  INFO 26592 --- [auth-server] [main] .s.d.r.c.RepositoryConfigurationDelegate : Bootstrapping Spring Data JPA repositories in DEFAULT mode.
2025-10-13T20:54:18.904-05:00  INFO 26592 --- [auth-server] [main] .s.d.r.c.RepositoryConfigurationDelegate : Finished Spring Data repository scanning in 79 ms. Found 2 JPA repository interfaces.
2025-10-13T20:54:19.056-05:00  INFO 26592 --- [auth-server] [main] o.s.cloud.context.scope.GenericScope     : BeanFactory id=ec9c9354-7a79-3514-bd7a-868c9962492c
2025-10-13T20:54:19.315-05:00  INFO 26592 --- [auth-server] [main] o.s.b.w.embedded.tomcat.TomcatWebServer  : Tomcat initialized with port 0 (http)
2025-10-13T20:54:19.325-05:00  INFO 26592 --- [auth-server] [main] o.apache.catalina.core.StandardService   : Starting service [Tomcat]
2025-10-13T20:54:19.325-05:00  INFO 26592 --- [auth-server] [main] o.apache.catalina.core.StandardEngine    : Starting Servlet engine: [Apache Tomcat/10.1.44]
2025-10-13T20:54:19.362-05:00  INFO 26592 --- [auth-server] [main] o.a.c.c.C.[Tomcat].[localhost].[/]       : Initializing Spring embedded WebApplicationContext
2025-10-13T20:54:19.363-05:00  INFO 26592 --- [auth-server] [main] w.s.c.ServletWebServerApplicationContext : Root WebApplicationContext: initialization completed in 1076 ms
2025-10-13T20:54:19.506-05:00  INFO 26592 --- [auth-server] [main] com.zaxxer.hikari.HikariDataSource       : HikariPool-1 - Starting...
2025-10-13T20:54:19.690-05:00  INFO 26592 --- [auth-server] [main] com.zaxxer.hikari.pool.HikariPool        : HikariPool-1 - Added connection com.mysql.cj.jdbc.ConnectionImpl@1ab502f6
2025-10-13T20:54:19.691-05:00  INFO 26592 --- [auth-server] [main] com.zaxxer.hikari.HikariDataSource       : HikariPool-1 - Start completed.
2025-10-13T20:54:19.717-05:00  INFO 26592 --- [auth-server] [main] o.hibernate.jpa.internal.util.LogHelper  : HHH000204: Processing PersistenceUnitInfo [name: default]
2025-10-13T20:54:19.747-05:00  INFO 26592 --- [auth-server] [main] org.hibernate.Version                    : HHH000412: Hibernate ORM core version 6.6.26.Final
2025-10-13T20:54:19.768-05:00  INFO 26592 --- [auth-server] [main] o.h.c.internal.RegionFactoryInitiator    : HHH000026: Second-level cache disabled
2025-10-13T20:54:19.925-05:00  INFO 26592 --- [auth-server] [main] o.s.o.j.p.SpringPersistenceUnitInfo      : No LoadTimeWeaver setup: ignoring JPA class transformer
2025-10-13T20:54:19.991-05:00  INFO 26592 --- [auth-server] [main] org.hibernate.orm.connections.pooling    : HHH10001005: Database info:
	Database JDBC URL [Connecting through datasource 'HikariDataSource (HikariPool-1)']
	Database driver: undefined/unknown
	Database version: 8.0.34
	Autocommit mode: undefined/unknown
	Isolation level: undefined/unknown
	Minimum pool size: undefined/unknown
	Maximum pool size: undefined/unknown
2025-10-13T20:54:20.556-05:00  INFO 26592 --- [auth-server] [main] o.h.e.t.j.p.i.JtaPlatformInitiator       : HHH000489: No JTA platform available (set 'hibernate.transaction.jta.platform' to enable JTA platform integration)
2025-10-13T20:54:20.557-05:00  INFO 26592 --- [auth-server] [main] j.LocalContainerEntityManagerFactoryBean : Initialized JPA EntityManagerFactory for persistence unit 'default'
2025-10-13T20:54:20.759-05:00  WARN 26592 --- [auth-server] [main] JpaBaseConfiguration$JpaWebConfiguration : spring.jpa.open-in-view is enabled by default. Therefore, database queries may be performed during view rendering. Explicitly configure spring.jpa.open-in-view to disable this warning
2025-10-13T20:54:20.778-05:00  INFO 26592 --- [auth-server] [main] r$InitializeUserDetailsManagerConfigurer : Global AuthenticationManager configured with UserDetailsService bean with name customUserDetailsService
2025-10-13T20:54:20.867-05:00  WARN 26592 --- [auth-server] [main] ConfigServletWebServerApplicationContext : Exception encountered during context initialization - cancelling refresh attempt: org.springframework.beans.factory.BeanCreationException: Error creating bean with name 'authorizationServerSecurityFilterChain' defined in class path resource [org/springframework/security/oauth2/server/authorization/config/annotation/web/configuration/OAuth2AuthorizationServerConfiguration.class]: Failed to instantiate [org.springframework.security.web.SecurityFilterChain]: Factory method 'authorizationServerSecurityFilterChain' threw exception with message: Error creating bean with name 'jwkSource' defined in class path resource [org/cibertec/conf/AuthorizationServerConf.class]: Failed to instantiate [com.nimbusds.jose.jwk.source.JWKSource]: Factory method 'jwkSource' threw exception with message: class path resource [keystore/auth-server.p12] cannot be opened because it does not exist
2025-10-13T20:54:20.867-05:00  INFO 26592 --- [auth-server] [main] j.LocalContainerEntityManagerFactoryBean : Closing JPA EntityManagerFactory for persistence unit 'default'
2025-10-13T20:54:20.870-05:00  INFO 26592 --- [auth-server] [main] com.zaxxer.hikari.HikariDataSource       : HikariPool-1 - Shutdown initiated...
2025-10-13T20:54:20.875-05:00  INFO 26592 --- [auth-server] [main] com.zaxxer.hikari.HikariDataSource       : HikariPool-1 - Shutdown completed.
2025-10-13T20:54:20.877-05:00  INFO 26592 --- [auth-server] [main] o.apache.catalina.core.StandardService   : Stopping service [Tomcat]
2025-10-13T20:54:20.886-05:00  INFO 26592 --- [auth-server] [main] .s.b.a.l.ConditionEvaluationReportLogger : 

Error starting ApplicationContext. To display the condition evaluation report re-run your application with 'debug' enabled.
2025-10-13T20:54:20.897-05:00 ERROR 26592 --- [auth-server] [main] o.s.boot.SpringApplication               : Application run failed

org.springframework.beans.factory.BeanCreationException: Error creating bean with name 'authorizationServerSecurityFilterChain' defined in class path resource [org/springframework/security/oauth2/server/authorization/config/annotation/web/configuration/OAuth2AuthorizationServerConfiguration.class]: Failed to instantiate [org.springframework.security.web.SecurityFilterChain]: Factory method 'authorizationServerSecurityFilterChain' threw exception with message: Error creating bean with name 'jwkSource' defined in class path resource [org/cibertec/conf/AuthorizationServerConf.class]: Failed to instantiate [com.nimbusds.jose.jwk.source.JWKSource]: Factory method 'jwkSource' threw exception with message: class path resource [keystore/auth-server.p12] cannot be opened because it does not exist
	at org.springframework.beans.factory.support.ConstructorResolver.instantiate(ConstructorResolver.java:657) ~[spring-beans-6.2.10.jar:6.2.10]
	at org.springframework.beans.factory.support.ConstructorResolver.instantiateUsingFactoryMethod(ConstructorResolver.java:645) ~[spring-beans-6.2.10.jar:6.2.10]
	at org.springframework.beans.factory.support.AbstractAutowireCapableBeanFactory.instantiateUsingFactoryMethod(AbstractAutowireCapableBeanFactory.java:1375) ~[spring-beans-6.2.10.jar:6.2.10]
	at org.springframework.beans.factory.support.AbstractAutowireCapableBeanFactory.createBeanInstance(AbstractAutowireCapableBeanFactory.java:1205) ~[spring-beans-6.2.10.jar:6.2.10]
	at org.springframework.beans.factory.support.AbstractAutowireCapableBeanFactory.doCreateBean(AbstractAutowireCapableBeanFactory.java:569) ~[spring-beans-6.2.10.jar:6.2.10]
	at org.springframework.beans.factory.support.AbstractAutowireCapableBeanFactory.createBean(AbstractAutowireCapableBeanFactory.java:529) ~[spring-beans-6.2.10.jar:6.2.10]
	at org.springframework.beans.factory.support.AbstractBeanFactory.lambda$doGetBean$0(AbstractBeanFactory.java:339) ~[spring-beans-6.2.10.jar:6.2.10]
	at org.springframework.beans.factory.support.DefaultSingletonBeanRegistry.getSingleton(DefaultSingletonBeanRegistry.java:373) ~[spring-beans-6.2.10.jar:6.2.10]
	at org.springframework.beans.factory.support.AbstractBeanFactory.doGetBean(AbstractBeanFactory.java:337) ~[spring-beans-6.2.10.jar:6.2.10]
	at org.springframework.beans.factory.support.AbstractBeanFactory.getBean(AbstractBeanFactory.java:202) ~[spring-beans-6.2.10.jar:6.2.10]
	at org.springframework.beans.factory.support.DefaultListableBeanFactory.instantiateSingleton(DefaultListableBeanFactory.java:1222) ~[spring-beans-6.2.10.jar:6.2.10]
	at org.springframework.beans.factory.support.DefaultListableBeanFactory.preInstantiateSingleton(DefaultListableBeanFactory.java:1188) ~[spring-beans-6.2.10.jar:6.2.10]
	at org.springframework.beans.factory.support.DefaultListableBeanFactory.preInstantiateSingletons(DefaultListableBeanFactory.java:1123) ~[spring-beans-6.2.10.jar:6.2.10]
	at org.springframework.context.support.AbstractApplicationContext.finishBeanFactoryInitialization(AbstractApplicationContext.java:987) ~[spring-context-6.2.10.jar:6.2.10]
	at org.springframework.context.support.AbstractApplicationContext.refresh(AbstractApplicationContext.java:627) ~[spring-context-6.2.10.jar:6.2.10]
	at org.springframework.boot.web.servlet.context.ServletWebServerApplicationContext.refresh(ServletWebServerApplicationContext.java:146) ~[spring-boot-3.4.9.jar:3.4.9]
	at org.springframework.boot.SpringApplication.refresh(SpringApplication.java:752) ~[spring-boot-3.4.9.jar:3.4.9]
	at org.springframework.boot.SpringApplication.refreshContext(SpringApplication.java:439) ~[spring-boot-3.4.9.jar:3.4.9]
	at org.springframework.boot.SpringApplication.run(SpringApplication.java:318) ~[spring-boot-3.4.9.jar:3.4.9]
	at org.springframework.boot.SpringApplication.run(SpringApplication.java:1361) ~[spring-boot-3.4.9.jar:3.4.9]
	at org.springframework.boot.SpringApplication.run(SpringApplication.java:1350) ~[spring-boot-3.4.9.jar:3.4.9]
	at org.cibertec.AuthServerApplication.main(AuthServerApplication.java:11) ~[classes/:na]
Caused by: org.springframework.beans.BeanInstantiationException: Failed to instantiate [org.springframework.security.web.SecurityFilterChain]: Factory method 'authorizationServerSecurityFilterChain' threw exception with message: Error creating bean with name 'jwkSource' defined in class path resource [org/cibertec/conf/AuthorizationServerConf.class]: Failed to instantiate [com.nimbusds.jose.jwk.source.JWKSource]: Factory method 'jwkSource' threw exception with message: class path resource [keystore/auth-server.p12] cannot be opened because it does not exist
	at org.springframework.beans.factory.support.SimpleInstantiationStrategy.lambda$instantiate$0(SimpleInstantiationStrategy.java:200) ~[spring-beans-6.2.10.jar:6.2.10]
	at org.springframework.beans.factory.support.SimpleInstantiationStrategy.instantiateWithFactoryMethod(SimpleInstantiationStrategy.java:89) ~[spring-beans-6.2.10.jar:6.2.10]
	at org.springframework.beans.factory.support.SimpleInstantiationStrategy.instantiate(SimpleInstantiationStrategy.java:169) ~[spring-beans-6.2.10.jar:6.2.10]
	at org.springframework.beans.factory.support.ConstructorResolver.instantiate(ConstructorResolver.java:653) ~[spring-beans-6.2.10.jar:6.2.10]
	... 21 common frames omitted
Caused by: org.springframework.beans.factory.BeanCreationException: Error creating bean with name 'jwkSource' defined in class path resource [org/cibertec/conf/AuthorizationServerConf.class]: Failed to instantiate [com.nimbusds.jose.jwk.source.JWKSource]: Factory method 'jwkSource' threw exception with message: class path resource [keystore/auth-server.p12] cannot be opened because it does not exist
	at org.springframework.beans.factory.support.ConstructorResolver.instantiate(ConstructorResolver.java:657) ~[spring-beans-6.2.10.jar:6.2.10]
	at org.springframework.beans.factory.support.ConstructorResolver.instantiateUsingFactoryMethod(ConstructorResolver.java:645) ~[spring-beans-6.2.10.jar:6.2.10]
	at org.springframework.beans.factory.support.AbstractAutowireCapableBeanFactory.instantiateUsingFactoryMethod(AbstractAutowireCapableBeanFactory.java:1375) ~[spring-beans-6.2.10.jar:6.2.10]
	at org.springframework.beans.factory.support.AbstractAutowireCapableBeanFactory.createBeanInstance(AbstractAutowireCapableBeanFactory.java:1205) ~[spring-beans-6.2.10.jar:6.2.10]
	at org.springframework.beans.factory.support.AbstractAutowireCapableBeanFactory.doCreateBean(AbstractAutowireCapableBeanFactory.java:569) ~[spring-beans-6.2.10.jar:6.2.10]
	at org.springframework.beans.factory.support.AbstractAutowireCapableBeanFactory.createBean(AbstractAutowireCapableBeanFactory.java:529) ~[spring-beans-6.2.10.jar:6.2.10]
	at org.springframework.beans.factory.support.AbstractBeanFactory.lambda$doGetBean$0(AbstractBeanFactory.java:339) ~[spring-beans-6.2.10.jar:6.2.10]
	at org.springframework.beans.factory.support.DefaultSingletonBeanRegistry.getSingleton(DefaultSingletonBeanRegistry.java:373) ~[spring-beans-6.2.10.jar:6.2.10]
	at org.springframework.beans.factory.support.AbstractBeanFactory.doGetBean(AbstractBeanFactory.java:337) ~[spring-beans-6.2.10.jar:6.2.10]
	at org.springframework.beans.factory.support.AbstractBeanFactory.getBean(AbstractBeanFactory.java:202) ~[spring-beans-6.2.10.jar:6.2.10]
	at org.springframework.context.support.AbstractApplicationContext.getBean(AbstractApplicationContext.java:1272) ~[spring-context-6.2.10.jar:6.2.10]
	at org.springframework.security.oauth2.server.authorization.config.annotation.web.configurers.OAuth2ConfigurerUtils.getOptionalBean(OAuth2ConfigurerUtils.java:243) ~[spring-security-oauth2-authorization-server-1.4.5.jar:1.4.5]
	at org.springframework.security.oauth2.server.authorization.config.annotation.web.configurers.OAuth2ConfigurerUtils.getJwkSource(OAuth2ConfigurerUtils.java:160) ~[spring-security-oauth2-authorization-server-1.4.5.jar:1.4.5]
	at org.springframework.security.oauth2.server.authorization.config.annotation.web.configurers.OAuth2ConfigurerUtils.getJwtEncoder(OAuth2ConfigurerUtils.java:143) ~[spring-security-oauth2-authorization-server-1.4.5.jar:1.4.5]
	at org.springframework.security.oauth2.server.authorization.config.annotation.web.configurers.OAuth2ConfigurerUtils.getJwtGenerator(OAuth2ConfigurerUtils.java:128) ~[spring-security-oauth2-authorization-server-1.4.5.jar:1.4.5]
	at org.springframework.security.oauth2.server.authorization.config.annotation.web.configurers.OAuth2ConfigurerUtils.getTokenGenerator(OAuth2ConfigurerUtils.java:108) ~[spring-security-oauth2-authorization-server-1.4.5.jar:1.4.5]
	at org.springframework.security.oauth2.server.authorization.config.annotation.web.configurers.OAuth2TokenEndpointConfigurer.createDefaultAuthenticationProviders(OAuth2TokenEndpointConfigurer.java:251) ~[spring-security-oauth2-authorization-server-1.4.5.jar:1.4.5]
	at org.springframework.security.oauth2.server.authorization.config.annotation.web.configurers.OAuth2TokenEndpointConfigurer.init(OAuth2TokenEndpointConfigurer.java:194) ~[spring-security-oauth2-authorization-server-1.4.5.jar:1.4.5]
	at org.springframework.security.oauth2.server.authorization.config.annotation.web.configurers.OAuth2AuthorizationServerConfigurer.lambda$init$4(OAuth2AuthorizationServerConfigurer.java:335) ~[spring-security-oauth2-authorization-server-1.4.5.jar:1.4.5]
	at java.base/java.util.LinkedHashMap$LinkedValues.forEach(LinkedHashMap.java:833) ~[na:na]
	at org.springframework.security.oauth2.server.authorization.config.annotation.web.configurers.OAuth2AuthorizationServerConfigurer.init(OAuth2AuthorizationServerConfigurer.java:334) ~[spring-security-oauth2-authorization-server-1.4.5.jar:1.4.5]
	at org.springframework.security.oauth2.server.authorization.config.annotation.web.configurers.OAuth2AuthorizationServerConfigurer.init(OAuth2AuthorizationServerConfigurer.java:83) ~[spring-security-oauth2-authorization-server-1.4.5.jar:1.4.5]
	at org.springframework.security.config.annotation.AbstractConfiguredSecurityBuilder.init(AbstractConfiguredSecurityBuilder.java:388) ~[spring-security-config-6.4.9.jar:6.4.9]
	at org.springframework.security.config.annotation.AbstractConfiguredSecurityBuilder.doBuild(AbstractConfiguredSecurityBuilder.java:350) ~[spring-security-config-6.4.9.jar:6.4.9]
	at org.springframework.security.config.annotation.AbstractSecurityBuilder.build(AbstractSecurityBuilder.java:38) ~[spring-security-config-6.4.9.jar:6.4.9]
	at org.springframework.security.oauth2.server.authorization.config.annotation.web.configuration.OAuth2AuthorizationServerConfiguration.authorizationServerSecurityFilterChain(OAuth2AuthorizationServerConfiguration.java:65) ~[spring-security-oauth2-authorization-server-1.4.5.jar:1.4.5]
	at java.base/jdk.internal.reflect.DirectMethodHandleAccessor.invoke(DirectMethodHandleAccessor.java:103) ~[na:na]
	at java.base/java.lang.reflect.Method.invoke(Method.java:580) ~[na:na]
	at org.springframework.beans.factory.support.SimpleInstantiationStrategy.lambda$instantiate$0(SimpleInstantiationStrategy.java:172) ~[spring-beans-6.2.10.jar:6.2.10]
	... 24 common frames omitted
Caused by: org.springframework.beans.BeanInstantiationException: Failed to instantiate [com.nimbusds.jose.jwk.source.JWKSource]: Factory method 'jwkSource' threw exception with message: class path resource [keystore/auth-server.p12] cannot be opened because it does not exist
	at org.springframework.beans.factory.support.SimpleInstantiationStrategy.lambda$instantiate$0(SimpleInstantiationStrategy.java:200) ~[spring-beans-6.2.10.jar:6.2.10]
	at org.springframework.beans.factory.support.SimpleInstantiationStrategy.instantiateWithFactoryMethod(SimpleInstantiationStrategy.java:89) ~[spring-beans-6.2.10.jar:6.2.10]
	at org.springframework.beans.factory.support.SimpleInstantiationStrategy.instantiate(SimpleInstantiationStrategy.java:169) ~[spring-beans-6.2.10.jar:6.2.10]
	at org.springframework.beans.factory.support.ConstructorResolver.instantiate(ConstructorResolver.java:653) ~[spring-beans-6.2.10.jar:6.2.10]
	... 52 common frames omitted
Caused by: java.io.FileNotFoundException: class path resource [keystore/auth-server.p12] cannot be opened because it does not exist
	at org.springframework.core.io.ClassPathResource.getInputStream(ClassPathResource.java:215) ~[spring-core-6.2.10.jar:6.2.10]
	at org.cibertec.conf.AuthorizationServerConf.jwkSource(AuthorizationServerConf.java:62) ~[classes/:na]
	at org.cibertec.conf.AuthorizationServerConf$$SpringCGLIB$$0.CGLIB$jwkSource$2(<generated>) ~[classes/:na]
	at org.cibertec.conf.AuthorizationServerConf$$SpringCGLIB$$FastClass$$1.invoke(<generated>) ~[classes/:na]
	at org.springframework.cglib.proxy.MethodProxy.invokeSuper(MethodProxy.java:258) ~[spring-core-6.2.10.jar:6.2.10]
	at org.springframework.context.annotation.ConfigurationClassEnhancer$BeanMethodInterceptor.intercept(ConfigurationClassEnhancer.java:400) ~[spring-context-6.2.10.jar:6.2.10]
	at org.cibertec.conf.AuthorizationServerConf$$SpringCGLIB$$0.jwkSource(<generated>) ~[classes/:na]
	at java.base/jdk.internal.reflect.DirectMethodHandleAccessor.invoke(DirectMethodHandleAccessor.java:103) ~[na:na]
	at java.base/java.lang.reflect.Method.invoke(Method.java:580) ~[na:na]
	at org.springframework.beans.factory.support.SimpleInstantiationStrategy.lambda$instantiate$0(SimpleInstantiationStrategy.java:172) ~[spring-beans-6.2.10.jar:6.2.10]
	... 55 common frames omitted

2025-10-13T20:54:29.905-05:00  INFO 21880 --- [auth-server] [main] org.cibertec.AuthServerApplication       : Starting AuthServerApplication using Java 21.0.6 with PID 21880 (C:\DAWII\auth-server\target\classes started by User in C:\DAWII\auth-server)
2025-10-13T20:54:29.906-05:00  INFO 21880 --- [auth-server] [main] org.cibertec.AuthServerApplication       : No active profile set, falling back to 1 default profile: "default"
2025-10-13T20:54:29.926-05:00  INFO 21880 --- [auth-server] [main] o.s.c.c.c.ConfigServerConfigDataLoader   : Fetching config from server at : http://localhost:8888
2025-10-13T20:54:29.926-05:00  INFO 21880 --- [auth-server] [main] o.s.c.c.c.ConfigServerConfigDataLoader   : Located environment: name=auth-server, profiles=[default], label=null, version=null, state=null
2025-10-13T20:54:30.474-05:00  INFO 21880 --- [auth-server] [main] .s.d.r.c.RepositoryConfigurationDelegate : Bootstrapping Spring Data JPA repositories in DEFAULT mode.
2025-10-13T20:54:30.562-05:00  INFO 21880 --- [auth-server] [main] .s.d.r.c.RepositoryConfigurationDelegate : Finished Spring Data repository scanning in 83 ms. Found 2 JPA repository interfaces.
2025-10-13T20:54:30.720-05:00  INFO 21880 --- [auth-server] [main] o.s.cloud.context.scope.GenericScope     : BeanFactory id=ec9c9354-7a79-3514-bd7a-868c9962492c
2025-10-13T20:54:30.959-05:00  INFO 21880 --- [auth-server] [main] o.s.b.w.embedded.tomcat.TomcatWebServer  : Tomcat initialized with port 0 (http)
2025-10-13T20:54:30.967-05:00  INFO 21880 --- [auth-server] [main] o.apache.catalina.core.StandardService   : Starting service [Tomcat]
2025-10-13T20:54:30.967-05:00  INFO 21880 --- [auth-server] [main] o.apache.catalina.core.StandardEngine    : Starting Servlet engine: [Apache Tomcat/10.1.44]
2025-10-13T20:54:31.003-05:00  INFO 21880 --- [auth-server] [main] o.a.c.c.C.[Tomcat].[localhost].[/]       : Initializing Spring embedded WebApplicationContext
2025-10-13T20:54:31.005-05:00  INFO 21880 --- [auth-server] [main] w.s.c.ServletWebServerApplicationContext : Root WebApplicationContext: initialization completed in 1076 ms
2025-10-13T20:54:31.143-05:00  INFO 21880 --- [auth-server] [main] com.zaxxer.hikari.HikariDataSource       : HikariPool-1 - Starting...
2025-10-13T20:54:31.330-05:00  INFO 21880 --- [auth-server] [main] com.zaxxer.hikari.pool.HikariPool        : HikariPool-1 - Added connection com.mysql.cj.jdbc.ConnectionImpl@34f24a11
2025-10-13T20:54:31.331-05:00  INFO 21880 --- [auth-server] [main] com.zaxxer.hikari.HikariDataSource       : HikariPool-1 - Start completed.
2025-10-13T20:54:31.358-05:00  INFO 21880 --- [auth-server] [main] o.hibernate.jpa.internal.util.LogHelper  : HHH000204: Processing PersistenceUnitInfo [name: default]
2025-10-13T20:54:31.389-05:00  INFO 21880 --- [auth-server] [main] org.hibernate.Version                    : HHH000412: Hibernate ORM core version 6.6.26.Final
2025-10-13T20:54:31.409-05:00  INFO 21880 --- [auth-server] [main] o.h.c.internal.RegionFactoryInitiator    : HHH000026: Second-level cache disabled
2025-10-13T20:54:31.580-05:00  INFO 21880 --- [auth-server] [main] o.s.o.j.p.SpringPersistenceUnitInfo      : No LoadTimeWeaver setup: ignoring JPA class transformer
2025-10-13T20:54:31.647-05:00  INFO 21880 --- [auth-server] [main] org.hibernate.orm.connections.pooling    : HHH10001005: Database info:
	Database JDBC URL [Connecting through datasource 'HikariDataSource (HikariPool-1)']
	Database driver: undefined/unknown
	Database version: 8.0.34
	Autocommit mode: undefined/unknown
	Isolation level: undefined/unknown
	Minimum pool size: undefined/unknown
	Maximum pool size: undefined/unknown
2025-10-13T20:54:32.180-05:00  INFO 21880 --- [auth-server] [main] o.h.e.t.j.p.i.JtaPlatformInitiator       : HHH000489: No JTA platform available (set 'hibernate.transaction.jta.platform' to enable JTA platform integration)
2025-10-13T20:54:32.183-05:00  INFO 21880 --- [auth-server] [main] j.LocalContainerEntityManagerFactoryBean : Initialized JPA EntityManagerFactory for persistence unit 'default'
2025-10-13T20:54:32.370-05:00  WARN 21880 --- [auth-server] [main] JpaBaseConfiguration$JpaWebConfiguration : spring.jpa.open-in-view is enabled by default. Therefore, database queries may be performed during view rendering. Explicitly configure spring.jpa.open-in-view to disable this warning
2025-10-13T20:54:32.390-05:00  INFO 21880 --- [auth-server] [main] r$InitializeUserDetailsManagerConfigurer : Global AuthenticationManager configured with UserDetailsService bean with name customUserDetailsService
2025-10-13T20:54:32.469-05:00  WARN 21880 --- [auth-server] [main] ConfigServletWebServerApplicationContext : Exception encountered during context initialization - cancelling refresh attempt: org.springframework.beans.factory.BeanCreationException: Error creating bean with name 'authorizationServerSecurityFilterChain' defined in class path resource [org/springframework/security/oauth2/server/authorization/config/annotation/web/configuration/OAuth2AuthorizationServerConfiguration.class]: Failed to instantiate [org.springframework.security.web.SecurityFilterChain]: Factory method 'authorizationServerSecurityFilterChain' threw exception with message: Error creating bean with name 'jwkSource' defined in class path resource [org/cibertec/conf/AuthorizationServerConf.class]: Failed to instantiate [com.nimbusds.jose.jwk.source.JWKSource]: Factory method 'jwkSource' threw exception with message: class path resource [keystore/auth-server.p12] cannot be opened because it does not exist
2025-10-13T20:54:32.470-05:00  INFO 21880 --- [auth-server] [main] j.LocalContainerEntityManagerFactoryBean : Closing JPA EntityManagerFactory for persistence unit 'default'
2025-10-13T20:54:32.472-05:00  INFO 21880 --- [auth-server] [main] com.zaxxer.hikari.HikariDataSource       : HikariPool-1 - Shutdown initiated...
2025-10-13T20:54:32.476-05:00  INFO 21880 --- [auth-server] [main] com.zaxxer.hikari.HikariDataSource       : HikariPool-1 - Shutdown completed.
2025-10-13T20:54:32.477-05:00  INFO 21880 --- [auth-server] [main] o.apache.catalina.core.StandardService   : Stopping service [Tomcat]
2025-10-13T20:54:32.486-05:00  INFO 21880 --- [auth-server] [main] .s.b.a.l.ConditionEvaluationReportLogger : 

Error starting ApplicationContext. To display the condition evaluation report re-run your application with 'debug' enabled.
2025-10-13T20:54:32.499-05:00 ERROR 21880 --- [auth-server] [main] o.s.boot.SpringApplication               : Application run failed

org.springframework.beans.factory.BeanCreationException: Error creating bean with name 'authorizationServerSecurityFilterChain' defined in class path resource [org/springframework/security/oauth2/server/authorization/config/annotation/web/configuration/OAuth2AuthorizationServerConfiguration.class]: Failed to instantiate [org.springframework.security.web.SecurityFilterChain]: Factory method 'authorizationServerSecurityFilterChain' threw exception with message: Error creating bean with name 'jwkSource' defined in class path resource [org/cibertec/conf/AuthorizationServerConf.class]: Failed to instantiate [com.nimbusds.jose.jwk.source.JWKSource]: Factory method 'jwkSource' threw exception with message: class path resource [keystore/auth-server.p12] cannot be opened because it does not exist
	at org.springframework.beans.factory.support.ConstructorResolver.instantiate(ConstructorResolver.java:657) ~[spring-beans-6.2.10.jar:6.2.10]
	at org.springframework.beans.factory.support.ConstructorResolver.instantiateUsingFactoryMethod(ConstructorResolver.java:645) ~[spring-beans-6.2.10.jar:6.2.10]
	at org.springframework.beans.factory.support.AbstractAutowireCapableBeanFactory.instantiateUsingFactoryMethod(AbstractAutowireCapableBeanFactory.java:1375) ~[spring-beans-6.2.10.jar:6.2.10]
	at org.springframework.beans.factory.support.AbstractAutowireCapableBeanFactory.createBeanInstance(AbstractAutowireCapableBeanFactory.java:1205) ~[spring-beans-6.2.10.jar:6.2.10]
	at org.springframework.beans.factory.support.AbstractAutowireCapableBeanFactory.doCreateBean(AbstractAutowireCapableBeanFactory.java:569) ~[spring-beans-6.2.10.jar:6.2.10]
	at org.springframework.beans.factory.support.AbstractAutowireCapableBeanFactory.createBean(AbstractAutowireCapableBeanFactory.java:529) ~[spring-beans-6.2.10.jar:6.2.10]
	at org.springframework.beans.factory.support.AbstractBeanFactory.lambda$doGetBean$0(AbstractBeanFactory.java:339) ~[spring-beans-6.2.10.jar:6.2.10]
	at org.springframework.beans.factory.support.DefaultSingletonBeanRegistry.getSingleton(DefaultSingletonBeanRegistry.java:373) ~[spring-beans-6.2.10.jar:6.2.10]
	at org.springframework.beans.factory.support.AbstractBeanFactory.doGetBean(AbstractBeanFactory.java:337) ~[spring-beans-6.2.10.jar:6.2.10]
	at org.springframework.beans.factory.support.AbstractBeanFactory.getBean(AbstractBeanFactory.java:202) ~[spring-beans-6.2.10.jar:6.2.10]
	at org.springframework.beans.factory.support.DefaultListableBeanFactory.instantiateSingleton(DefaultListableBeanFactory.java:1222) ~[spring-beans-6.2.10.jar:6.2.10]
	at org.springframework.beans.factory.support.DefaultListableBeanFactory.preInstantiateSingleton(DefaultListableBeanFactory.java:1188) ~[spring-beans-6.2.10.jar:6.2.10]
	at org.springframework.beans.factory.support.DefaultListableBeanFactory.preInstantiateSingletons(DefaultListableBeanFactory.java:1123) ~[spring-beans-6.2.10.jar:6.2.10]
	at org.springframework.context.support.AbstractApplicationContext.finishBeanFactoryInitialization(AbstractApplicationContext.java:987) ~[spring-context-6.2.10.jar:6.2.10]
	at org.springframework.context.support.AbstractApplicationContext.refresh(AbstractApplicationContext.java:627) ~[spring-context-6.2.10.jar:6.2.10]
	at org.springframework.boot.web.servlet.context.ServletWebServerApplicationContext.refresh(ServletWebServerApplicationContext.java:146) ~[spring-boot-3.4.9.jar:3.4.9]
	at org.springframework.boot.SpringApplication.refresh(SpringApplication.java:752) ~[spring-boot-3.4.9.jar:3.4.9]
	at org.springframework.boot.SpringApplication.refreshContext(SpringApplication.java:439) ~[spring-boot-3.4.9.jar:3.4.9]
	at org.springframework.boot.SpringApplication.run(SpringApplication.java:318) ~[spring-boot-3.4.9.jar:3.4.9]
	at org.springframework.boot.SpringApplication.run(SpringApplication.java:1361) ~[spring-boot-3.4.9.jar:3.4.9]
	at org.springframework.boot.SpringApplication.run(SpringApplication.java:1350) ~[spring-boot-3.4.9.jar:3.4.9]
	at org.cibertec.AuthServerApplication.main(AuthServerApplication.java:11) ~[classes/:na]
Caused by: org.springframework.beans.BeanInstantiationException: Failed to instantiate [org.springframework.security.web.SecurityFilterChain]: Factory method 'authorizationServerSecurityFilterChain' threw exception with message: Error creating bean with name 'jwkSource' defined in class path resource [org/cibertec/conf/AuthorizationServerConf.class]: Failed to instantiate [com.nimbusds.jose.jwk.source.JWKSource]: Factory method 'jwkSource' threw exception with message: class path resource [keystore/auth-server.p12] cannot be opened because it does not exist
	at org.springframework.beans.factory.support.SimpleInstantiationStrategy.lambda$instantiate$0(SimpleInstantiationStrategy.java:200) ~[spring-beans-6.2.10.jar:6.2.10]
	at org.springframework.beans.factory.support.SimpleInstantiationStrategy.instantiateWithFactoryMethod(SimpleInstantiationStrategy.java:89) ~[spring-beans-6.2.10.jar:6.2.10]
	at org.springframework.beans.factory.support.SimpleInstantiationStrategy.instantiate(SimpleInstantiationStrategy.java:169) ~[spring-beans-6.2.10.jar:6.2.10]
	at org.springframework.beans.factory.support.ConstructorResolver.instantiate(ConstructorResolver.java:653) ~[spring-beans-6.2.10.jar:6.2.10]
	... 21 common frames omitted
Caused by: org.springframework.beans.factory.BeanCreationException: Error creating bean with name 'jwkSource' defined in class path resource [org/cibertec/conf/AuthorizationServerConf.class]: Failed to instantiate [com.nimbusds.jose.jwk.source.JWKSource]: Factory method 'jwkSource' threw exception with message: class path resource [keystore/auth-server.p12] cannot be opened because it does not exist
	at org.springframework.beans.factory.support.ConstructorResolver.instantiate(ConstructorResolver.java:657) ~[spring-beans-6.2.10.jar:6.2.10]
	at org.springframework.beans.factory.support.ConstructorResolver.instantiateUsingFactoryMethod(ConstructorResolver.java:645) ~[spring-beans-6.2.10.jar:6.2.10]
	at org.springframework.beans.factory.support.AbstractAutowireCapableBeanFactory.instantiateUsingFactoryMethod(AbstractAutowireCapableBeanFactory.java:1375) ~[spring-beans-6.2.10.jar:6.2.10]
	at org.springframework.beans.factory.support.AbstractAutowireCapableBeanFactory.createBeanInstance(AbstractAutowireCapableBeanFactory.java:1205) ~[spring-beans-6.2.10.jar:6.2.10]
	at org.springframework.beans.factory.support.AbstractAutowireCapableBeanFactory.doCreateBean(AbstractAutowireCapableBeanFactory.java:569) ~[spring-beans-6.2.10.jar:6.2.10]
	at org.springframework.beans.factory.support.AbstractAutowireCapableBeanFactory.createBean(AbstractAutowireCapableBeanFactory.java:529) ~[spring-beans-6.2.10.jar:6.2.10]
	at org.springframework.beans.factory.support.AbstractBeanFactory.lambda$doGetBean$0(AbstractBeanFactory.java:339) ~[spring-beans-6.2.10.jar:6.2.10]
	at org.springframework.beans.factory.support.DefaultSingletonBeanRegistry.getSingleton(DefaultSingletonBeanRegistry.java:373) ~[spring-beans-6.2.10.jar:6.2.10]
	at org.springframework.beans.factory.support.AbstractBeanFactory.doGetBean(AbstractBeanFactory.java:337) ~[spring-beans-6.2.10.jar:6.2.10]
	at org.springframework.beans.factory.support.AbstractBeanFactory.getBean(AbstractBeanFactory.java:202) ~[spring-beans-6.2.10.jar:6.2.10]
	at org.springframework.context.support.AbstractApplicationContext.getBean(AbstractApplicationContext.java:1272) ~[spring-context-6.2.10.jar:6.2.10]
	at org.springframework.security.oauth2.server.authorization.config.annotation.web.configurers.OAuth2ConfigurerUtils.getOptionalBean(OAuth2ConfigurerUtils.java:243) ~[spring-security-oauth2-authorization-server-1.4.5.jar:1.4.5]
	at org.springframework.security.oauth2.server.authorization.config.annotation.web.configurers.OAuth2ConfigurerUtils.getJwkSource(OAuth2ConfigurerUtils.java:160) ~[spring-security-oauth2-authorization-server-1.4.5.jar:1.4.5]
	at org.springframework.security.oauth2.server.authorization.config.annotation.web.configurers.OAuth2ConfigurerUtils.getJwtEncoder(OAuth2ConfigurerUtils.java:143) ~[spring-security-oauth2-authorization-server-1.4.5.jar:1.4.5]
	at org.springframework.security.oauth2.server.authorization.config.annotation.web.configurers.OAuth2ConfigurerUtils.getJwtGenerator(OAuth2ConfigurerUtils.java:128) ~[spring-security-oauth2-authorization-server-1.4.5.jar:1.4.5]
	at org.springframework.security.oauth2.server.authorization.config.annotation.web.configurers.OAuth2ConfigurerUtils.getTokenGenerator(OAuth2ConfigurerUtils.java:108) ~[spring-security-oauth2-authorization-server-1.4.5.jar:1.4.5]
	at org.springframework.security.oauth2.server.authorization.config.annotation.web.configurers.OAuth2TokenEndpointConfigurer.createDefaultAuthenticationProviders(OAuth2TokenEndpointConfigurer.java:251) ~[spring-security-oauth2-authorization-server-1.4.5.jar:1.4.5]
	at org.springframework.security.oauth2.server.authorization.config.annotation.web.configurers.OAuth2TokenEndpointConfigurer.init(OAuth2TokenEndpointConfigurer.java:194) ~[spring-security-oauth2-authorization-server-1.4.5.jar:1.4.5]
	at org.springframework.security.oauth2.server.authorization.config.annotation.web.configurers.OAuth2AuthorizationServerConfigurer.lambda$init$4(OAuth2AuthorizationServerConfigurer.java:335) ~[spring-security-oauth2-authorization-server-1.4.5.jar:1.4.5]
	at java.base/java.util.LinkedHashMap$LinkedValues.forEach(LinkedHashMap.java:833) ~[na:na]
	at org.springframework.security.oauth2.server.authorization.config.annotation.web.configurers.OAuth2AuthorizationServerConfigurer.init(OAuth2AuthorizationServerConfigurer.java:334) ~[spring-security-oauth2-authorization-server-1.4.5.jar:1.4.5]
	at org.springframework.security.oauth2.server.authorization.config.annotation.web.configurers.OAuth2AuthorizationServerConfigurer.init(OAuth2AuthorizationServerConfigurer.java:83) ~[spring-security-oauth2-authorization-server-1.4.5.jar:1.4.5]
	at org.springframework.security.config.annotation.AbstractConfiguredSecurityBuilder.init(AbstractConfiguredSecurityBuilder.java:388) ~[spring-security-config-6.4.9.jar:6.4.9]
	at org.springframework.security.config.annotation.AbstractConfiguredSecurityBuilder.doBuild(AbstractConfiguredSecurityBuilder.java:350) ~[spring-security-config-6.4.9.jar:6.4.9]
	at org.springframework.security.config.annotation.AbstractSecurityBuilder.build(AbstractSecurityBuilder.java:38) ~[spring-security-config-6.4.9.jar:6.4.9]
	at org.springframework.security.oauth2.server.authorization.config.annotation.web.configuration.OAuth2AuthorizationServerConfiguration.authorizationServerSecurityFilterChain(OAuth2AuthorizationServerConfiguration.java:65) ~[spring-security-oauth2-authorization-server-1.4.5.jar:1.4.5]
	at java.base/jdk.internal.reflect.DirectMethodHandleAccessor.invoke(DirectMethodHandleAccessor.java:103) ~[na:na]
	at java.base/java.lang.reflect.Method.invoke(Method.java:580) ~[na:na]
	at org.springframework.beans.factory.support.SimpleInstantiationStrategy.lambda$instantiate$0(SimpleInstantiationStrategy.java:172) ~[spring-beans-6.2.10.jar:6.2.10]
	... 24 common frames omitted
Caused by: org.springframework.beans.BeanInstantiationException: Failed to instantiate [com.nimbusds.jose.jwk.source.JWKSource]: Factory method 'jwkSource' threw exception with message: class path resource [keystore/auth-server.p12] cannot be opened because it does not exist
	at org.springframework.beans.factory.support.SimpleInstantiationStrategy.lambda$instantiate$0(SimpleInstantiationStrategy.java:200) ~[spring-beans-6.2.10.jar:6.2.10]
	at org.springframework.beans.factory.support.SimpleInstantiationStrategy.instantiateWithFactoryMethod(SimpleInstantiationStrategy.java:89) ~[spring-beans-6.2.10.jar:6.2.10]
	at org.springframework.beans.factory.support.SimpleInstantiationStrategy.instantiate(SimpleInstantiationStrategy.java:169) ~[spring-beans-6.2.10.jar:6.2.10]
	at org.springframework.beans.factory.support.ConstructorResolver.instantiate(ConstructorResolver.java:653) ~[spring-beans-6.2.10.jar:6.2.10]
	... 52 common frames omitted
Caused by: java.io.FileNotFoundException: class path resource [keystore/auth-server.p12] cannot be opened because it does not exist
	at org.springframework.core.io.ClassPathResource.getInputStream(ClassPathResource.java:215) ~[spring-core-6.2.10.jar:6.2.10]
	at org.cibertec.conf.AuthorizationServerConf.jwkSource(AuthorizationServerConf.java:62) ~[classes/:na]
	at org.cibertec.conf.AuthorizationServerConf$$SpringCGLIB$$0.CGLIB$jwkSource$0(<generated>) ~[classes/:na]
	at org.cibertec.conf.AuthorizationServerConf$$SpringCGLIB$$FastClass$$1.invoke(<generated>) ~[classes/:na]
	at org.springframework.cglib.proxy.MethodProxy.invokeSuper(MethodProxy.java:258) ~[spring-core-6.2.10.jar:6.2.10]
	at org.springframework.context.annotation.ConfigurationClassEnhancer$BeanMethodInterceptor.intercept(ConfigurationClassEnhancer.java:400) ~[spring-context-6.2.10.jar:6.2.10]
	at org.cibertec.conf.AuthorizationServerConf$$SpringCGLIB$$0.jwkSource(<generated>) ~[classes/:na]
	at java.base/jdk.internal.reflect.DirectMethodHandleAccessor.invoke(DirectMethodHandleAccessor.java:103) ~[na:na]
	at java.base/java.lang.reflect.Method.invoke(Method.java:580) ~[na:na]
	at org.springframework.beans.factory.support.SimpleInstantiationStrategy.lambda$instantiate$0(SimpleInstantiationStrategy.java:172) ~[spring-beans-6.2.10.jar:6.2.10]
	... 55 common frames omitted

2025-10-13T20:57:38.317-05:00  INFO 29196 --- [auth-server] [main] org.cibertec.AuthServerApplication       : Starting AuthServerApplication using Java 21.0.6 with PID 29196 (C:\DAWII\auth-server\target\classes started by User in C:\DAWII\auth-server)
2025-10-13T20:57:38.318-05:00  INFO 29196 --- [auth-server] [main] org.cibertec.AuthServerApplication       : No active profile set, falling back to 1 default profile: "default"
2025-10-13T20:57:38.340-05:00  INFO 29196 --- [auth-server] [main] o.s.c.c.c.ConfigServerConfigDataLoader   : Fetching config from server at : http://localhost:8888
2025-10-13T20:57:38.340-05:00  INFO 29196 --- [auth-server] [main] o.s.c.c.c.ConfigServerConfigDataLoader   : Located environment: name=auth-server, profiles=[default], label=null, version=null, state=null
2025-10-13T20:57:38.925-05:00  INFO 29196 --- [auth-server] [main] .s.d.r.c.RepositoryConfigurationDelegate : Bootstrapping Spring Data JPA repositories in DEFAULT mode.
2025-10-13T20:57:39.012-05:00  INFO 29196 --- [auth-server] [main] .s.d.r.c.RepositoryConfigurationDelegate : Finished Spring Data repository scanning in 79 ms. Found 2 JPA repository interfaces.
2025-10-13T20:57:39.160-05:00  INFO 29196 --- [auth-server] [main] o.s.cloud.context.scope.GenericScope     : BeanFactory id=ec9c9354-7a79-3514-bd7a-868c9962492c
2025-10-13T20:57:39.396-05:00  INFO 29196 --- [auth-server] [main] o.s.b.w.embedded.tomcat.TomcatWebServer  : Tomcat initialized with port 0 (http)
2025-10-13T20:57:39.405-05:00  INFO 29196 --- [auth-server] [main] o.apache.catalina.core.StandardService   : Starting service [Tomcat]
2025-10-13T20:57:39.405-05:00  INFO 29196 --- [auth-server] [main] o.apache.catalina.core.StandardEngine    : Starting Servlet engine: [Apache Tomcat/10.1.44]
2025-10-13T20:57:39.444-05:00  INFO 29196 --- [auth-server] [main] o.a.c.c.C.[Tomcat].[localhost].[/]       : Initializing Spring embedded WebApplicationContext
2025-10-13T20:57:39.444-05:00  INFO 29196 --- [auth-server] [main] w.s.c.ServletWebServerApplicationContext : Root WebApplicationContext: initialization completed in 1103 ms
2025-10-13T20:57:39.602-05:00  INFO 29196 --- [auth-server] [main] com.zaxxer.hikari.HikariDataSource       : HikariPool-1 - Starting...
2025-10-13T20:57:39.791-05:00  INFO 29196 --- [auth-server] [main] com.zaxxer.hikari.pool.HikariPool        : HikariPool-1 - Added connection com.mysql.cj.jdbc.ConnectionImpl@4e0802e0
2025-10-13T20:57:39.792-05:00  INFO 29196 --- [auth-server] [main] com.zaxxer.hikari.HikariDataSource       : HikariPool-1 - Start completed.
2025-10-13T20:57:39.821-05:00  INFO 29196 --- [auth-server] [main] o.hibernate.jpa.internal.util.LogHelper  : HHH000204: Processing PersistenceUnitInfo [name: default]
2025-10-13T20:57:39.852-05:00  INFO 29196 --- [auth-server] [main] org.hibernate.Version                    : HHH000412: Hibernate ORM core version 6.6.26.Final
2025-10-13T20:57:39.872-05:00  INFO 29196 --- [auth-server] [main] o.h.c.internal.RegionFactoryInitiator    : HHH000026: Second-level cache disabled
2025-10-13T20:57:40.029-05:00  INFO 29196 --- [auth-server] [main] o.s.o.j.p.SpringPersistenceUnitInfo      : No LoadTimeWeaver setup: ignoring JPA class transformer
2025-10-13T20:57:40.099-05:00  INFO 29196 --- [auth-server] [main] org.hibernate.orm.connections.pooling    : HHH10001005: Database info:
	Database JDBC URL [Connecting through datasource 'HikariDataSource (HikariPool-1)']
	Database driver: undefined/unknown
	Database version: 8.0.34
	Autocommit mode: undefined/unknown
	Isolation level: undefined/unknown
	Minimum pool size: undefined/unknown
	Maximum pool size: undefined/unknown
2025-10-13T20:57:40.646-05:00  INFO 29196 --- [auth-server] [main] o.h.e.t.j.p.i.JtaPlatformInitiator       : HHH000489: No JTA platform available (set 'hibernate.transaction.jta.platform' to enable JTA platform integration)
2025-10-13T20:57:40.647-05:00  INFO 29196 --- [auth-server] [main] j.LocalContainerEntityManagerFactoryBean : Initialized JPA EntityManagerFactory for persistence unit 'default'
2025-10-13T20:57:40.856-05:00  WARN 29196 --- [auth-server] [main] JpaBaseConfiguration$JpaWebConfiguration : spring.jpa.open-in-view is enabled by default. Therefore, database queries may be performed during view rendering. Explicitly configure spring.jpa.open-in-view to disable this warning
2025-10-13T20:57:40.878-05:00  INFO 29196 --- [auth-server] [main] r$InitializeUserDetailsManagerConfigurer : Global AuthenticationManager configured with UserDetailsService bean with name customUserDetailsService
2025-10-13T20:57:40.954-05:00  WARN 29196 --- [auth-server] [main] ConfigServletWebServerApplicationContext : Exception encountered during context initialization - cancelling refresh attempt: org.springframework.beans.factory.BeanCreationException: Error creating bean with name 'authorizationServerSecurityFilterChain' defined in class path resource [org/springframework/security/oauth2/server/authorization/config/annotation/web/configuration/OAuth2AuthorizationServerConfiguration.class]: Failed to instantiate [org.springframework.security.web.SecurityFilterChain]: Factory method 'authorizationServerSecurityFilterChain' threw exception with message: Error creating bean with name 'jwkSource' defined in class path resource [org/cibertec/conf/AuthorizationServerConf.class]: Failed to instantiate [com.nimbusds.jose.jwk.source.JWKSource]: Factory method 'jwkSource' threw exception with message: class path resource [keystore/auth-server.p12] cannot be opened because it does not exist
2025-10-13T20:57:40.954-05:00  INFO 29196 --- [auth-server] [main] j.LocalContainerEntityManagerFactoryBean : Closing JPA EntityManagerFactory for persistence unit 'default'
2025-10-13T20:57:40.957-05:00  INFO 29196 --- [auth-server] [main] com.zaxxer.hikari.HikariDataSource       : HikariPool-1 - Shutdown initiated...
2025-10-13T20:57:40.961-05:00  INFO 29196 --- [auth-server] [main] com.zaxxer.hikari.HikariDataSource       : HikariPool-1 - Shutdown completed.
2025-10-13T20:57:40.962-05:00  INFO 29196 --- [auth-server] [main] o.apache.catalina.core.StandardService   : Stopping service [Tomcat]
2025-10-13T20:57:40.971-05:00  INFO 29196 --- [auth-server] [main] .s.b.a.l.ConditionEvaluationReportLogger : 

Error starting ApplicationContext. To display the condition evaluation report re-run your application with 'debug' enabled.
2025-10-13T20:57:40.982-05:00 ERROR 29196 --- [auth-server] [main] o.s.boot.SpringApplication               : Application run failed

org.springframework.beans.factory.BeanCreationException: Error creating bean with name 'authorizationServerSecurityFilterChain' defined in class path resource [org/springframework/security/oauth2/server/authorization/config/annotation/web/configuration/OAuth2AuthorizationServerConfiguration.class]: Failed to instantiate [org.springframework.security.web.SecurityFilterChain]: Factory method 'authorizationServerSecurityFilterChain' threw exception with message: Error creating bean with name 'jwkSource' defined in class path resource [org/cibertec/conf/AuthorizationServerConf.class]: Failed to instantiate [com.nimbusds.jose.jwk.source.JWKSource]: Factory method 'jwkSource' threw exception with message: class path resource [keystore/auth-server.p12] cannot be opened because it does not exist
	at org.springframework.beans.factory.support.ConstructorResolver.instantiate(ConstructorResolver.java:657) ~[spring-beans-6.2.10.jar:6.2.10]
	at org.springframework.beans.factory.support.ConstructorResolver.instantiateUsingFactoryMethod(ConstructorResolver.java:645) ~[spring-beans-6.2.10.jar:6.2.10]
	at org.springframework.beans.factory.support.AbstractAutowireCapableBeanFactory.instantiateUsingFactoryMethod(AbstractAutowireCapableBeanFactory.java:1375) ~[spring-beans-6.2.10.jar:6.2.10]
	at org.springframework.beans.factory.support.AbstractAutowireCapableBeanFactory.createBeanInstance(AbstractAutowireCapableBeanFactory.java:1205) ~[spring-beans-6.2.10.jar:6.2.10]
	at org.springframework.beans.factory.support.AbstractAutowireCapableBeanFactory.doCreateBean(AbstractAutowireCapableBeanFactory.java:569) ~[spring-beans-6.2.10.jar:6.2.10]
	at org.springframework.beans.factory.support.AbstractAutowireCapableBeanFactory.createBean(AbstractAutowireCapableBeanFactory.java:529) ~[spring-beans-6.2.10.jar:6.2.10]
	at org.springframework.beans.factory.support.AbstractBeanFactory.lambda$doGetBean$0(AbstractBeanFactory.java:339) ~[spring-beans-6.2.10.jar:6.2.10]
	at org.springframework.beans.factory.support.DefaultSingletonBeanRegistry.getSingleton(DefaultSingletonBeanRegistry.java:373) ~[spring-beans-6.2.10.jar:6.2.10]
	at org.springframework.beans.factory.support.AbstractBeanFactory.doGetBean(AbstractBeanFactory.java:337) ~[spring-beans-6.2.10.jar:6.2.10]
	at org.springframework.beans.factory.support.AbstractBeanFactory.getBean(AbstractBeanFactory.java:202) ~[spring-beans-6.2.10.jar:6.2.10]
	at org.springframework.beans.factory.support.DefaultListableBeanFactory.instantiateSingleton(DefaultListableBeanFactory.java:1222) ~[spring-beans-6.2.10.jar:6.2.10]
	at org.springframework.beans.factory.support.DefaultListableBeanFactory.preInstantiateSingleton(DefaultListableBeanFactory.java:1188) ~[spring-beans-6.2.10.jar:6.2.10]
	at org.springframework.beans.factory.support.DefaultListableBeanFactory.preInstantiateSingletons(DefaultListableBeanFactory.java:1123) ~[spring-beans-6.2.10.jar:6.2.10]
	at org.springframework.context.support.AbstractApplicationContext.finishBeanFactoryInitialization(AbstractApplicationContext.java:987) ~[spring-context-6.2.10.jar:6.2.10]
	at org.springframework.context.support.AbstractApplicationContext.refresh(AbstractApplicationContext.java:627) ~[spring-context-6.2.10.jar:6.2.10]
	at org.springframework.boot.web.servlet.context.ServletWebServerApplicationContext.refresh(ServletWebServerApplicationContext.java:146) ~[spring-boot-3.4.9.jar:3.4.9]
	at org.springframework.boot.SpringApplication.refresh(SpringApplication.java:752) ~[spring-boot-3.4.9.jar:3.4.9]
	at org.springframework.boot.SpringApplication.refreshContext(SpringApplication.java:439) ~[spring-boot-3.4.9.jar:3.4.9]
	at org.springframework.boot.SpringApplication.run(SpringApplication.java:318) ~[spring-boot-3.4.9.jar:3.4.9]
	at org.springframework.boot.SpringApplication.run(SpringApplication.java:1361) ~[spring-boot-3.4.9.jar:3.4.9]
	at org.springframework.boot.SpringApplication.run(SpringApplication.java:1350) ~[spring-boot-3.4.9.jar:3.4.9]
	at org.cibertec.AuthServerApplication.main(AuthServerApplication.java:11) ~[classes/:na]
Caused by: org.springframework.beans.BeanInstantiationException: Failed to instantiate [org.springframework.security.web.SecurityFilterChain]: Factory method 'authorizationServerSecurityFilterChain' threw exception with message: Error creating bean with name 'jwkSource' defined in class path resource [org/cibertec/conf/AuthorizationServerConf.class]: Failed to instantiate [com.nimbusds.jose.jwk.source.JWKSource]: Factory method 'jwkSource' threw exception with message: class path resource [keystore/auth-server.p12] cannot be opened because it does not exist
	at org.springframework.beans.factory.support.SimpleInstantiationStrategy.lambda$instantiate$0(SimpleInstantiationStrategy.java:200) ~[spring-beans-6.2.10.jar:6.2.10]
	at org.springframework.beans.factory.support.SimpleInstantiationStrategy.instantiateWithFactoryMethod(SimpleInstantiationStrategy.java:89) ~[spring-beans-6.2.10.jar:6.2.10]
	at org.springframework.beans.factory.support.SimpleInstantiationStrategy.instantiate(SimpleInstantiationStrategy.java:169) ~[spring-beans-6.2.10.jar:6.2.10]
	at org.springframework.beans.factory.support.ConstructorResolver.instantiate(ConstructorResolver.java:653) ~[spring-beans-6.2.10.jar:6.2.10]
	... 21 common frames omitted
Caused by: org.springframework.beans.factory.BeanCreationException: Error creating bean with name 'jwkSource' defined in class path resource [org/cibertec/conf/AuthorizationServerConf.class]: Failed to instantiate [com.nimbusds.jose.jwk.source.JWKSource]: Factory method 'jwkSource' threw exception with message: class path resource [keystore/auth-server.p12] cannot be opened because it does not exist
	at org.springframework.beans.factory.support.ConstructorResolver.instantiate(ConstructorResolver.java:657) ~[spring-beans-6.2.10.jar:6.2.10]
	at org.springframework.beans.factory.support.ConstructorResolver.instantiateUsingFactoryMethod(ConstructorResolver.java:645) ~[spring-beans-6.2.10.jar:6.2.10]
	at org.springframework.beans.factory.support.AbstractAutowireCapableBeanFactory.instantiateUsingFactoryMethod(AbstractAutowireCapableBeanFactory.java:1375) ~[spring-beans-6.2.10.jar:6.2.10]
	at org.springframework.beans.factory.support.AbstractAutowireCapableBeanFactory.createBeanInstance(AbstractAutowireCapableBeanFactory.java:1205) ~[spring-beans-6.2.10.jar:6.2.10]
	at org.springframework.beans.factory.support.AbstractAutowireCapableBeanFactory.doCreateBean(AbstractAutowireCapableBeanFactory.java:569) ~[spring-beans-6.2.10.jar:6.2.10]
	at org.springframework.beans.factory.support.AbstractAutowireCapableBeanFactory.createBean(AbstractAutowireCapableBeanFactory.java:529) ~[spring-beans-6.2.10.jar:6.2.10]
	at org.springframework.beans.factory.support.AbstractBeanFactory.lambda$doGetBean$0(AbstractBeanFactory.java:339) ~[spring-beans-6.2.10.jar:6.2.10]
	at org.springframework.beans.factory.support.DefaultSingletonBeanRegistry.getSingleton(DefaultSingletonBeanRegistry.java:373) ~[spring-beans-6.2.10.jar:6.2.10]
	at org.springframework.beans.factory.support.AbstractBeanFactory.doGetBean(AbstractBeanFactory.java:337) ~[spring-beans-6.2.10.jar:6.2.10]
	at org.springframework.beans.factory.support.AbstractBeanFactory.getBean(AbstractBeanFactory.java:202) ~[spring-beans-6.2.10.jar:6.2.10]
	at org.springframework.context.support.AbstractApplicationContext.getBean(AbstractApplicationContext.java:1272) ~[spring-context-6.2.10.jar:6.2.10]
	at org.springframework.security.oauth2.server.authorization.config.annotation.web.configurers.OAuth2ConfigurerUtils.getOptionalBean(OAuth2ConfigurerUtils.java:243) ~[spring-security-oauth2-authorization-server-1.4.5.jar:1.4.5]
	at org.springframework.security.oauth2.server.authorization.config.annotation.web.configurers.OAuth2ConfigurerUtils.getJwkSource(OAuth2ConfigurerUtils.java:160) ~[spring-security-oauth2-authorization-server-1.4.5.jar:1.4.5]
	at org.springframework.security.oauth2.server.authorization.config.annotation.web.configurers.OAuth2ConfigurerUtils.getJwtEncoder(OAuth2ConfigurerUtils.java:143) ~[spring-security-oauth2-authorization-server-1.4.5.jar:1.4.5]
	at org.springframework.security.oauth2.server.authorization.config.annotation.web.configurers.OAuth2ConfigurerUtils.getJwtGenerator(OAuth2ConfigurerUtils.java:128) ~[spring-security-oauth2-authorization-server-1.4.5.jar:1.4.5]
	at org.springframework.security.oauth2.server.authorization.config.annotation.web.configurers.OAuth2ConfigurerUtils.getTokenGenerator(OAuth2ConfigurerUtils.java:108) ~[spring-security-oauth2-authorization-server-1.4.5.jar:1.4.5]
	at org.springframework.security.oauth2.server.authorization.config.annotation.web.configurers.OAuth2TokenEndpointConfigurer.createDefaultAuthenticationProviders(OAuth2TokenEndpointConfigurer.java:251) ~[spring-security-oauth2-authorization-server-1.4.5.jar:1.4.5]
	at org.springframework.security.oauth2.server.authorization.config.annotation.web.configurers.OAuth2TokenEndpointConfigurer.init(OAuth2TokenEndpointConfigurer.java:194) ~[spring-security-oauth2-authorization-server-1.4.5.jar:1.4.5]
	at org.springframework.security.oauth2.server.authorization.config.annotation.web.configurers.OAuth2AuthorizationServerConfigurer.lambda$init$4(OAuth2AuthorizationServerConfigurer.java:335) ~[spring-security-oauth2-authorization-server-1.4.5.jar:1.4.5]
	at java.base/java.util.LinkedHashMap$LinkedValues.forEach(LinkedHashMap.java:833) ~[na:na]
	at org.springframework.security.oauth2.server.authorization.config.annotation.web.configurers.OAuth2AuthorizationServerConfigurer.init(OAuth2AuthorizationServerConfigurer.java:334) ~[spring-security-oauth2-authorization-server-1.4.5.jar:1.4.5]
	at org.springframework.security.oauth2.server.authorization.config.annotation.web.configurers.OAuth2AuthorizationServerConfigurer.init(OAuth2AuthorizationServerConfigurer.java:83) ~[spring-security-oauth2-authorization-server-1.4.5.jar:1.4.5]
	at org.springframework.security.config.annotation.AbstractConfiguredSecurityBuilder.init(AbstractConfiguredSecurityBuilder.java:388) ~[spring-security-config-6.4.9.jar:6.4.9]
	at org.springframework.security.config.annotation.AbstractConfiguredSecurityBuilder.doBuild(AbstractConfiguredSecurityBuilder.java:350) ~[spring-security-config-6.4.9.jar:6.4.9]
	at org.springframework.security.config.annotation.AbstractSecurityBuilder.build(AbstractSecurityBuilder.java:38) ~[spring-security-config-6.4.9.jar:6.4.9]
	at org.springframework.security.oauth2.server.authorization.config.annotation.web.configuration.OAuth2AuthorizationServerConfiguration.authorizationServerSecurityFilterChain(OAuth2AuthorizationServerConfiguration.java:65) ~[spring-security-oauth2-authorization-server-1.4.5.jar:1.4.5]
	at java.base/jdk.internal.reflect.DirectMethodHandleAccessor.invoke(DirectMethodHandleAccessor.java:103) ~[na:na]
	at java.base/java.lang.reflect.Method.invoke(Method.java:580) ~[na:na]
	at org.springframework.beans.factory.support.SimpleInstantiationStrategy.lambda$instantiate$0(SimpleInstantiationStrategy.java:172) ~[spring-beans-6.2.10.jar:6.2.10]
	... 24 common frames omitted
Caused by: org.springframework.beans.BeanInstantiationException: Failed to instantiate [com.nimbusds.jose.jwk.source.JWKSource]: Factory method 'jwkSource' threw exception with message: class path resource [keystore/auth-server.p12] cannot be opened because it does not exist
	at org.springframework.beans.factory.support.SimpleInstantiationStrategy.lambda$instantiate$0(SimpleInstantiationStrategy.java:200) ~[spring-beans-6.2.10.jar:6.2.10]
	at org.springframework.beans.factory.support.SimpleInstantiationStrategy.instantiateWithFactoryMethod(SimpleInstantiationStrategy.java:89) ~[spring-beans-6.2.10.jar:6.2.10]
	at org.springframework.beans.factory.support.SimpleInstantiationStrategy.instantiate(SimpleInstantiationStrategy.java:169) ~[spring-beans-6.2.10.jar:6.2.10]
	at org.springframework.beans.factory.support.ConstructorResolver.instantiate(ConstructorResolver.java:653) ~[spring-beans-6.2.10.jar:6.2.10]
	... 52 common frames omitted
Caused by: java.io.FileNotFoundException: class path resource [keystore/auth-server.p12] cannot be opened because it does not exist
	at org.springframework.core.io.ClassPathResource.getInputStream(ClassPathResource.java:215) ~[spring-core-6.2.10.jar:6.2.10]
	at org.cibertec.conf.AuthorizationServerConf.jwkSource(AuthorizationServerConf.java:62) ~[classes/:na]
	at org.cibertec.conf.AuthorizationServerConf$$SpringCGLIB$$0.CGLIB$jwkSource$0(<generated>) ~[classes/:na]
	at org.cibertec.conf.AuthorizationServerConf$$SpringCGLIB$$FastClass$$1.invoke(<generated>) ~[classes/:na]
	at org.springframework.cglib.proxy.MethodProxy.invokeSuper(MethodProxy.java:258) ~[spring-core-6.2.10.jar:6.2.10]
	at org.springframework.context.annotation.ConfigurationClassEnhancer$BeanMethodInterceptor.intercept(ConfigurationClassEnhancer.java:400) ~[spring-context-6.2.10.jar:6.2.10]
	at org.cibertec.conf.AuthorizationServerConf$$SpringCGLIB$$0.jwkSource(<generated>) ~[classes/:na]
	at java.base/jdk.internal.reflect.DirectMethodHandleAccessor.invoke(DirectMethodHandleAccessor.java:103) ~[na:na]
	at java.base/java.lang.reflect.Method.invoke(Method.java:580) ~[na:na]
	at org.springframework.beans.factory.support.SimpleInstantiationStrategy.lambda$instantiate$0(SimpleInstantiationStrategy.java:172) ~[spring-beans-6.2.10.jar:6.2.10]
	... 55 common frames omitted

2025-10-13T21:02:51.450-05:00  INFO 6596 --- [auth-server] [main] org.cibertec.AuthServerApplication       : Starting AuthServerApplication using Java 21.0.6 with PID 6596 (C:\DAWII\auth-server\target\classes started by User in C:\DAWII\auth-server)
2025-10-13T21:02:51.451-05:00  INFO 6596 --- [auth-server] [main] org.cibertec.AuthServerApplication       : No active profile set, falling back to 1 default profile: "default"
2025-10-13T21:02:51.471-05:00  INFO 6596 --- [auth-server] [main] o.s.c.c.c.ConfigServerConfigDataLoader   : Fetching config from server at : http://localhost:8888
2025-10-13T21:02:51.472-05:00  INFO 6596 --- [auth-server] [main] o.s.c.c.c.ConfigServerConfigDataLoader   : Located environment: name=auth-server, profiles=[default], label=null, version=null, state=null
2025-10-13T21:02:52.014-05:00  INFO 6596 --- [auth-server] [main] .s.d.r.c.RepositoryConfigurationDelegate : Bootstrapping Spring Data JPA repositories in DEFAULT mode.
2025-10-13T21:02:52.104-05:00  INFO 6596 --- [auth-server] [main] .s.d.r.c.RepositoryConfigurationDelegate : Finished Spring Data repository scanning in 84 ms. Found 2 JPA repository interfaces.
2025-10-13T21:02:52.241-05:00  INFO 6596 --- [auth-server] [main] o.s.cloud.context.scope.GenericScope     : BeanFactory id=ec9c9354-7a79-3514-bd7a-868c9962492c
2025-10-13T21:02:52.461-05:00  INFO 6596 --- [auth-server] [main] o.s.b.w.embedded.tomcat.TomcatWebServer  : Tomcat initialized with port 0 (http)
2025-10-13T21:02:52.470-05:00  INFO 6596 --- [auth-server] [main] o.apache.catalina.core.StandardService   : Starting service [Tomcat]
2025-10-13T21:02:52.470-05:00  INFO 6596 --- [auth-server] [main] o.apache.catalina.core.StandardEngine    : Starting Servlet engine: [Apache Tomcat/10.1.44]
2025-10-13T21:02:52.510-05:00  INFO 6596 --- [auth-server] [main] o.a.c.c.C.[Tomcat].[localhost].[/]       : Initializing Spring embedded WebApplicationContext
2025-10-13T21:02:52.510-05:00  INFO 6596 --- [auth-server] [main] w.s.c.ServletWebServerApplicationContext : Root WebApplicationContext: initialization completed in 1037 ms
2025-10-13T21:02:52.663-05:00  INFO 6596 --- [auth-server] [main] com.zaxxer.hikari.HikariDataSource       : HikariPool-1 - Starting...
2025-10-13T21:02:52.847-05:00  INFO 6596 --- [auth-server] [main] com.zaxxer.hikari.pool.HikariPool        : HikariPool-1 - Added connection com.mysql.cj.jdbc.ConnectionImpl@23ea3853
2025-10-13T21:02:52.849-05:00  INFO 6596 --- [auth-server] [main] com.zaxxer.hikari.HikariDataSource       : HikariPool-1 - Start completed.
2025-10-13T21:02:52.875-05:00  INFO 6596 --- [auth-server] [main] o.hibernate.jpa.internal.util.LogHelper  : HHH000204: Processing PersistenceUnitInfo [name: default]
2025-10-13T21:02:52.908-05:00  INFO 6596 --- [auth-server] [main] org.hibernate.Version                    : HHH000412: Hibernate ORM core version 6.6.26.Final
2025-10-13T21:02:52.931-05:00  INFO 6596 --- [auth-server] [main] o.h.c.internal.RegionFactoryInitiator    : HHH000026: Second-level cache disabled
2025-10-13T21:02:53.086-05:00  INFO 6596 --- [auth-server] [main] o.s.o.j.p.SpringPersistenceUnitInfo      : No LoadTimeWeaver setup: ignoring JPA class transformer
2025-10-13T21:02:53.150-05:00  INFO 6596 --- [auth-server] [main] org.hibernate.orm.connections.pooling    : HHH10001005: Database info:
	Database JDBC URL [Connecting through datasource 'HikariDataSource (HikariPool-1)']
	Database driver: undefined/unknown
	Database version: 8.0.34
	Autocommit mode: undefined/unknown
	Isolation level: undefined/unknown
	Minimum pool size: undefined/unknown
	Maximum pool size: undefined/unknown
2025-10-13T21:02:53.692-05:00  INFO 6596 --- [auth-server] [main] o.h.e.t.j.p.i.JtaPlatformInitiator       : HHH000489: No JTA platform available (set 'hibernate.transaction.jta.platform' to enable JTA platform integration)
2025-10-13T21:02:53.695-05:00  INFO 6596 --- [auth-server] [main] j.LocalContainerEntityManagerFactoryBean : Initialized JPA EntityManagerFactory for persistence unit 'default'
2025-10-13T21:02:53.878-05:00  WARN 6596 --- [auth-server] [main] JpaBaseConfiguration$JpaWebConfiguration : spring.jpa.open-in-view is enabled by default. Therefore, database queries may be performed during view rendering. Explicitly configure spring.jpa.open-in-view to disable this warning
2025-10-13T21:02:53.898-05:00  INFO 6596 --- [auth-server] [main] r$InitializeUserDetailsManagerConfigurer : Global AuthenticationManager configured with UserDetailsService bean with name customUserDetailsService
2025-10-13T21:02:53.983-05:00  WARN 6596 --- [auth-server] [main] ConfigServletWebServerApplicationContext : Exception encountered during context initialization - cancelling refresh attempt: org.springframework.beans.factory.BeanCreationException: Error creating bean with name 'authorizationServerSecurityFilterChain' defined in class path resource [org/springframework/security/oauth2/server/authorization/config/annotation/web/configuration/OAuth2AuthorizationServerConfiguration.class]: Failed to instantiate [org.springframework.security.web.SecurityFilterChain]: Factory method 'authorizationServerSecurityFilterChain' threw exception with message: Error creating bean with name 'jwkSource' defined in class path resource [org/cibertec/conf/AuthorizationServerConf.class]: Failed to instantiate [com.nimbusds.jose.jwk.source.JWKSource]: Factory method 'jwkSource' threw exception with message: class path resource [keystore/auth-server.p12] cannot be opened because it does not exist
2025-10-13T21:02:53.983-05:00  INFO 6596 --- [auth-server] [main] j.LocalContainerEntityManagerFactoryBean : Closing JPA EntityManagerFactory for persistence unit 'default'
2025-10-13T21:02:53.984-05:00  INFO 6596 --- [auth-server] [main] com.zaxxer.hikari.HikariDataSource       : HikariPool-1 - Shutdown initiated...
2025-10-13T21:02:53.989-05:00  INFO 6596 --- [auth-server] [main] com.zaxxer.hikari.HikariDataSource       : HikariPool-1 - Shutdown completed.
2025-10-13T21:02:53.991-05:00  INFO 6596 --- [auth-server] [main] o.apache.catalina.core.StandardService   : Stopping service [Tomcat]
2025-10-13T21:02:54.001-05:00  INFO 6596 --- [auth-server] [main] .s.b.a.l.ConditionEvaluationReportLogger : 

Error starting ApplicationContext. To display the condition evaluation report re-run your application with 'debug' enabled.
2025-10-13T21:02:54.013-05:00 ERROR 6596 --- [auth-server] [main] o.s.boot.SpringApplication               : Application run failed

org.springframework.beans.factory.BeanCreationException: Error creating bean with name 'authorizationServerSecurityFilterChain' defined in class path resource [org/springframework/security/oauth2/server/authorization/config/annotation/web/configuration/OAuth2AuthorizationServerConfiguration.class]: Failed to instantiate [org.springframework.security.web.SecurityFilterChain]: Factory method 'authorizationServerSecurityFilterChain' threw exception with message: Error creating bean with name 'jwkSource' defined in class path resource [org/cibertec/conf/AuthorizationServerConf.class]: Failed to instantiate [com.nimbusds.jose.jwk.source.JWKSource]: Factory method 'jwkSource' threw exception with message: class path resource [keystore/auth-server.p12] cannot be opened because it does not exist
	at org.springframework.beans.factory.support.ConstructorResolver.instantiate(ConstructorResolver.java:657) ~[spring-beans-6.2.10.jar:6.2.10]
	at org.springframework.beans.factory.support.ConstructorResolver.instantiateUsingFactoryMethod(ConstructorResolver.java:645) ~[spring-beans-6.2.10.jar:6.2.10]
	at org.springframework.beans.factory.support.AbstractAutowireCapableBeanFactory.instantiateUsingFactoryMethod(AbstractAutowireCapableBeanFactory.java:1375) ~[spring-beans-6.2.10.jar:6.2.10]
	at org.springframework.beans.factory.support.AbstractAutowireCapableBeanFactory.createBeanInstance(AbstractAutowireCapableBeanFactory.java:1205) ~[spring-beans-6.2.10.jar:6.2.10]
	at org.springframework.beans.factory.support.AbstractAutowireCapableBeanFactory.doCreateBean(AbstractAutowireCapableBeanFactory.java:569) ~[spring-beans-6.2.10.jar:6.2.10]
	at org.springframework.beans.factory.support.AbstractAutowireCapableBeanFactory.createBean(AbstractAutowireCapableBeanFactory.java:529) ~[spring-beans-6.2.10.jar:6.2.10]
	at org.springframework.beans.factory.support.AbstractBeanFactory.lambda$doGetBean$0(AbstractBeanFactory.java:339) ~[spring-beans-6.2.10.jar:6.2.10]
	at org.springframework.beans.factory.support.DefaultSingletonBeanRegistry.getSingleton(DefaultSingletonBeanRegistry.java:373) ~[spring-beans-6.2.10.jar:6.2.10]
	at org.springframework.beans.factory.support.AbstractBeanFactory.doGetBean(AbstractBeanFactory.java:337) ~[spring-beans-6.2.10.jar:6.2.10]
	at org.springframework.beans.factory.support.AbstractBeanFactory.getBean(AbstractBeanFactory.java:202) ~[spring-beans-6.2.10.jar:6.2.10]
	at org.springframework.beans.factory.support.DefaultListableBeanFactory.instantiateSingleton(DefaultListableBeanFactory.java:1222) ~[spring-beans-6.2.10.jar:6.2.10]
	at org.springframework.beans.factory.support.DefaultListableBeanFactory.preInstantiateSingleton(DefaultListableBeanFactory.java:1188) ~[spring-beans-6.2.10.jar:6.2.10]
	at org.springframework.beans.factory.support.DefaultListableBeanFactory.preInstantiateSingletons(DefaultListableBeanFactory.java:1123) ~[spring-beans-6.2.10.jar:6.2.10]
	at org.springframework.context.support.AbstractApplicationContext.finishBeanFactoryInitialization(AbstractApplicationContext.java:987) ~[spring-context-6.2.10.jar:6.2.10]
	at org.springframework.context.support.AbstractApplicationContext.refresh(AbstractApplicationContext.java:627) ~[spring-context-6.2.10.jar:6.2.10]
	at org.springframework.boot.web.servlet.context.ServletWebServerApplicationContext.refresh(ServletWebServerApplicationContext.java:146) ~[spring-boot-3.4.9.jar:3.4.9]
	at org.springframework.boot.SpringApplication.refresh(SpringApplication.java:752) ~[spring-boot-3.4.9.jar:3.4.9]
	at org.springframework.boot.SpringApplication.refreshContext(SpringApplication.java:439) ~[spring-boot-3.4.9.jar:3.4.9]
	at org.springframework.boot.SpringApplication.run(SpringApplication.java:318) ~[spring-boot-3.4.9.jar:3.4.9]
	at org.springframework.boot.SpringApplication.run(SpringApplication.java:1361) ~[spring-boot-3.4.9.jar:3.4.9]
	at org.springframework.boot.SpringApplication.run(SpringApplication.java:1350) ~[spring-boot-3.4.9.jar:3.4.9]
	at org.cibertec.AuthServerApplication.main(AuthServerApplication.java:11) ~[classes/:na]
Caused by: org.springframework.beans.BeanInstantiationException: Failed to instantiate [org.springframework.security.web.SecurityFilterChain]: Factory method 'authorizationServerSecurityFilterChain' threw exception with message: Error creating bean with name 'jwkSource' defined in class path resource [org/cibertec/conf/AuthorizationServerConf.class]: Failed to instantiate [com.nimbusds.jose.jwk.source.JWKSource]: Factory method 'jwkSource' threw exception with message: class path resource [keystore/auth-server.p12] cannot be opened because it does not exist
	at org.springframework.beans.factory.support.SimpleInstantiationStrategy.lambda$instantiate$0(SimpleInstantiationStrategy.java:200) ~[spring-beans-6.2.10.jar:6.2.10]
	at org.springframework.beans.factory.support.SimpleInstantiationStrategy.instantiateWithFactoryMethod(SimpleInstantiationStrategy.java:89) ~[spring-beans-6.2.10.jar:6.2.10]
	at org.springframework.beans.factory.support.SimpleInstantiationStrategy.instantiate(SimpleInstantiationStrategy.java:169) ~[spring-beans-6.2.10.jar:6.2.10]
	at org.springframework.beans.factory.support.ConstructorResolver.instantiate(ConstructorResolver.java:653) ~[spring-beans-6.2.10.jar:6.2.10]
	... 21 common frames omitted
Caused by: org.springframework.beans.factory.BeanCreationException: Error creating bean with name 'jwkSource' defined in class path resource [org/cibertec/conf/AuthorizationServerConf.class]: Failed to instantiate [com.nimbusds.jose.jwk.source.JWKSource]: Factory method 'jwkSource' threw exception with message: class path resource [keystore/auth-server.p12] cannot be opened because it does not exist
	at org.springframework.beans.factory.support.ConstructorResolver.instantiate(ConstructorResolver.java:657) ~[spring-beans-6.2.10.jar:6.2.10]
	at org.springframework.beans.factory.support.ConstructorResolver.instantiateUsingFactoryMethod(ConstructorResolver.java:645) ~[spring-beans-6.2.10.jar:6.2.10]
	at org.springframework.beans.factory.support.AbstractAutowireCapableBeanFactory.instantiateUsingFactoryMethod(AbstractAutowireCapableBeanFactory.java:1375) ~[spring-beans-6.2.10.jar:6.2.10]
	at org.springframework.beans.factory.support.AbstractAutowireCapableBeanFactory.createBeanInstance(AbstractAutowireCapableBeanFactory.java:1205) ~[spring-beans-6.2.10.jar:6.2.10]
	at org.springframework.beans.factory.support.AbstractAutowireCapableBeanFactory.doCreateBean(AbstractAutowireCapableBeanFactory.java:569) ~[spring-beans-6.2.10.jar:6.2.10]
	at org.springframework.beans.factory.support.AbstractAutowireCapableBeanFactory.createBean(AbstractAutowireCapableBeanFactory.java:529) ~[spring-beans-6.2.10.jar:6.2.10]
	at org.springframework.beans.factory.support.AbstractBeanFactory.lambda$doGetBean$0(AbstractBeanFactory.java:339) ~[spring-beans-6.2.10.jar:6.2.10]
	at org.springframework.beans.factory.support.DefaultSingletonBeanRegistry.getSingleton(DefaultSingletonBeanRegistry.java:373) ~[spring-beans-6.2.10.jar:6.2.10]
	at org.springframework.beans.factory.support.AbstractBeanFactory.doGetBean(AbstractBeanFactory.java:337) ~[spring-beans-6.2.10.jar:6.2.10]
	at org.springframework.beans.factory.support.AbstractBeanFactory.getBean(AbstractBeanFactory.java:202) ~[spring-beans-6.2.10.jar:6.2.10]
	at org.springframework.context.support.AbstractApplicationContext.getBean(AbstractApplicationContext.java:1272) ~[spring-context-6.2.10.jar:6.2.10]
	at org.springframework.security.oauth2.server.authorization.config.annotation.web.configurers.OAuth2ConfigurerUtils.getOptionalBean(OAuth2ConfigurerUtils.java:243) ~[spring-security-oauth2-authorization-server-1.4.5.jar:1.4.5]
	at org.springframework.security.oauth2.server.authorization.config.annotation.web.configurers.OAuth2ConfigurerUtils.getJwkSource(OAuth2ConfigurerUtils.java:160) ~[spring-security-oauth2-authorization-server-1.4.5.jar:1.4.5]
	at org.springframework.security.oauth2.server.authorization.config.annotation.web.configurers.OAuth2ConfigurerUtils.getJwtEncoder(OAuth2ConfigurerUtils.java:143) ~[spring-security-oauth2-authorization-server-1.4.5.jar:1.4.5]
	at org.springframework.security.oauth2.server.authorization.config.annotation.web.configurers.OAuth2ConfigurerUtils.getJwtGenerator(OAuth2ConfigurerUtils.java:128) ~[spring-security-oauth2-authorization-server-1.4.5.jar:1.4.5]
	at org.springframework.security.oauth2.server.authorization.config.annotation.web.configurers.OAuth2ConfigurerUtils.getTokenGenerator(OAuth2ConfigurerUtils.java:108) ~[spring-security-oauth2-authorization-server-1.4.5.jar:1.4.5]
	at org.springframework.security.oauth2.server.authorization.config.annotation.web.configurers.OAuth2TokenEndpointConfigurer.createDefaultAuthenticationProviders(OAuth2TokenEndpointConfigurer.java:251) ~[spring-security-oauth2-authorization-server-1.4.5.jar:1.4.5]
	at org.springframework.security.oauth2.server.authorization.config.annotation.web.configurers.OAuth2TokenEndpointConfigurer.init(OAuth2TokenEndpointConfigurer.java:194) ~[spring-security-oauth2-authorization-server-1.4.5.jar:1.4.5]
	at org.springframework.security.oauth2.server.authorization.config.annotation.web.configurers.OAuth2AuthorizationServerConfigurer.lambda$init$4(OAuth2AuthorizationServerConfigurer.java:335) ~[spring-security-oauth2-authorization-server-1.4.5.jar:1.4.5]
	at java.base/java.util.LinkedHashMap$LinkedValues.forEach(LinkedHashMap.java:833) ~[na:na]
	at org.springframework.security.oauth2.server.authorization.config.annotation.web.configurers.OAuth2AuthorizationServerConfigurer.init(OAuth2AuthorizationServerConfigurer.java:334) ~[spring-security-oauth2-authorization-server-1.4.5.jar:1.4.5]
	at org.springframework.security.oauth2.server.authorization.config.annotation.web.configurers.OAuth2AuthorizationServerConfigurer.init(OAuth2AuthorizationServerConfigurer.java:83) ~[spring-security-oauth2-authorization-server-1.4.5.jar:1.4.5]
	at org.springframework.security.config.annotation.AbstractConfiguredSecurityBuilder.init(AbstractConfiguredSecurityBuilder.java:388) ~[spring-security-config-6.4.9.jar:6.4.9]
	at org.springframework.security.config.annotation.AbstractConfiguredSecurityBuilder.doBuild(AbstractConfiguredSecurityBuilder.java:350) ~[spring-security-config-6.4.9.jar:6.4.9]
	at org.springframework.security.config.annotation.AbstractSecurityBuilder.build(AbstractSecurityBuilder.java:38) ~[spring-security-config-6.4.9.jar:6.4.9]
	at org.springframework.security.oauth2.server.authorization.config.annotation.web.configuration.OAuth2AuthorizationServerConfiguration.authorizationServerSecurityFilterChain(OAuth2AuthorizationServerConfiguration.java:65) ~[spring-security-oauth2-authorization-server-1.4.5.jar:1.4.5]
	at java.base/jdk.internal.reflect.DirectMethodHandleAccessor.invoke(DirectMethodHandleAccessor.java:103) ~[na:na]
	at java.base/java.lang.reflect.Method.invoke(Method.java:580) ~[na:na]
	at org.springframework.beans.factory.support.SimpleInstantiationStrategy.lambda$instantiate$0(SimpleInstantiationStrategy.java:172) ~[spring-beans-6.2.10.jar:6.2.10]
	... 24 common frames omitted
Caused by: org.springframework.beans.BeanInstantiationException: Failed to instantiate [com.nimbusds.jose.jwk.source.JWKSource]: Factory method 'jwkSource' threw exception with message: class path resource [keystore/auth-server.p12] cannot be opened because it does not exist
	at org.springframework.beans.factory.support.SimpleInstantiationStrategy.lambda$instantiate$0(SimpleInstantiationStrategy.java:200) ~[spring-beans-6.2.10.jar:6.2.10]
	at org.springframework.beans.factory.support.SimpleInstantiationStrategy.instantiateWithFactoryMethod(SimpleInstantiationStrategy.java:89) ~[spring-beans-6.2.10.jar:6.2.10]
	at org.springframework.beans.factory.support.SimpleInstantiationStrategy.instantiate(SimpleInstantiationStrategy.java:169) ~[spring-beans-6.2.10.jar:6.2.10]
	at org.springframework.beans.factory.support.ConstructorResolver.instantiate(ConstructorResolver.java:653) ~[spring-beans-6.2.10.jar:6.2.10]
	... 52 common frames omitted
Caused by: java.io.FileNotFoundException: class path resource [keystore/auth-server.p12] cannot be opened because it does not exist
	at org.springframework.core.io.ClassPathResource.getInputStream(ClassPathResource.java:215) ~[spring-core-6.2.10.jar:6.2.10]
	at org.cibertec.conf.AuthorizationServerConf.jwkSource(AuthorizationServerConf.java:62) ~[classes/:na]
	at org.cibertec.conf.AuthorizationServerConf$$SpringCGLIB$$0.CGLIB$jwkSource$0(<generated>) ~[classes/:na]
	at org.cibertec.conf.AuthorizationServerConf$$SpringCGLIB$$FastClass$$1.invoke(<generated>) ~[classes/:na]
	at org.springframework.cglib.proxy.MethodProxy.invokeSuper(MethodProxy.java:258) ~[spring-core-6.2.10.jar:6.2.10]
	at org.springframework.context.annotation.ConfigurationClassEnhancer$BeanMethodInterceptor.intercept(ConfigurationClassEnhancer.java:400) ~[spring-context-6.2.10.jar:6.2.10]
	at org.cibertec.conf.AuthorizationServerConf$$SpringCGLIB$$0.jwkSource(<generated>) ~[classes/:na]
	at java.base/jdk.internal.reflect.DirectMethodHandleAccessor.invoke(DirectMethodHandleAccessor.java:103) ~[na:na]
	at java.base/java.lang.reflect.Method.invoke(Method.java:580) ~[na:na]
	at org.springframework.beans.factory.support.SimpleInstantiationStrategy.lambda$instantiate$0(SimpleInstantiationStrategy.java:172) ~[spring-beans-6.2.10.jar:6.2.10]
	... 55 common frames omitted

2025-10-13T21:03:20.043-05:00  INFO 19120 --- [auth-server] [main] org.cibertec.AuthServerApplication       : Starting AuthServerApplication using Java 21.0.6 with PID 19120 (C:\DAWII\auth-server\target\classes started by User in C:\DAWII\auth-server)
2025-10-13T21:03:20.044-05:00  INFO 19120 --- [auth-server] [main] org.cibertec.AuthServerApplication       : No active profile set, falling back to 1 default profile: "default"
2025-10-13T21:03:20.066-05:00  INFO 19120 --- [auth-server] [main] o.s.c.c.c.ConfigServerConfigDataLoader   : Fetching config from server at : http://localhost:8888
2025-10-13T21:03:20.066-05:00  INFO 19120 --- [auth-server] [main] o.s.c.c.c.ConfigServerConfigDataLoader   : Located environment: name=auth-server, profiles=[default], label=null, version=null, state=null
2025-10-13T21:03:20.629-05:00  INFO 19120 --- [auth-server] [main] .s.d.r.c.RepositoryConfigurationDelegate : Bootstrapping Spring Data JPA repositories in DEFAULT mode.
2025-10-13T21:03:20.707-05:00  INFO 19120 --- [auth-server] [main] .s.d.r.c.RepositoryConfigurationDelegate : Finished Spring Data repository scanning in 73 ms. Found 2 JPA repository interfaces.
2025-10-13T21:03:20.846-05:00  INFO 19120 --- [auth-server] [main] o.s.cloud.context.scope.GenericScope     : BeanFactory id=ec9c9354-7a79-3514-bd7a-868c9962492c
2025-10-13T21:03:21.058-05:00  INFO 19120 --- [auth-server] [main] o.s.b.w.embedded.tomcat.TomcatWebServer  : Tomcat initialized with port 0 (http)
2025-10-13T21:03:21.066-05:00  INFO 19120 --- [auth-server] [main] o.apache.catalina.core.StandardService   : Starting service [Tomcat]
2025-10-13T21:03:21.067-05:00  INFO 19120 --- [auth-server] [main] o.apache.catalina.core.StandardEngine    : Starting Servlet engine: [Apache Tomcat/10.1.44]
2025-10-13T21:03:21.104-05:00  INFO 19120 --- [auth-server] [main] o.a.c.c.C.[Tomcat].[localhost].[/]       : Initializing Spring embedded WebApplicationContext
2025-10-13T21:03:21.106-05:00  INFO 19120 --- [auth-server] [main] w.s.c.ServletWebServerApplicationContext : Root WebApplicationContext: initialization completed in 1038 ms
2025-10-13T21:03:21.253-05:00  INFO 19120 --- [auth-server] [main] com.zaxxer.hikari.HikariDataSource       : HikariPool-1 - Starting...
2025-10-13T21:03:21.432-05:00  INFO 19120 --- [auth-server] [main] com.zaxxer.hikari.pool.HikariPool        : HikariPool-1 - Added connection com.mysql.cj.jdbc.ConnectionImpl@4e0802e0
2025-10-13T21:03:21.433-05:00  INFO 19120 --- [auth-server] [main] com.zaxxer.hikari.HikariDataSource       : HikariPool-1 - Start completed.
2025-10-13T21:03:21.458-05:00  INFO 19120 --- [auth-server] [main] o.hibernate.jpa.internal.util.LogHelper  : HHH000204: Processing PersistenceUnitInfo [name: default]
2025-10-13T21:03:21.489-05:00  INFO 19120 --- [auth-server] [main] org.hibernate.Version                    : HHH000412: Hibernate ORM core version 6.6.26.Final
2025-10-13T21:03:21.509-05:00  INFO 19120 --- [auth-server] [main] o.h.c.internal.RegionFactoryInitiator    : HHH000026: Second-level cache disabled
2025-10-13T21:03:21.676-05:00  INFO 19120 --- [auth-server] [main] o.s.o.j.p.SpringPersistenceUnitInfo      : No LoadTimeWeaver setup: ignoring JPA class transformer
2025-10-13T21:03:21.741-05:00  INFO 19120 --- [auth-server] [main] org.hibernate.orm.connections.pooling    : HHH10001005: Database info:
	Database JDBC URL [Connecting through datasource 'HikariDataSource (HikariPool-1)']
	Database driver: undefined/unknown
	Database version: 8.0.34
	Autocommit mode: undefined/unknown
	Isolation level: undefined/unknown
	Minimum pool size: undefined/unknown
	Maximum pool size: undefined/unknown
2025-10-13T21:03:22.257-05:00  INFO 19120 --- [auth-server] [main] o.h.e.t.j.p.i.JtaPlatformInitiator       : HHH000489: No JTA platform available (set 'hibernate.transaction.jta.platform' to enable JTA platform integration)
2025-10-13T21:03:22.259-05:00  INFO 19120 --- [auth-server] [main] j.LocalContainerEntityManagerFactoryBean : Initialized JPA EntityManagerFactory for persistence unit 'default'
2025-10-13T21:03:22.440-05:00  WARN 19120 --- [auth-server] [main] JpaBaseConfiguration$JpaWebConfiguration : spring.jpa.open-in-view is enabled by default. Therefore, database queries may be performed during view rendering. Explicitly configure spring.jpa.open-in-view to disable this warning
2025-10-13T21:03:22.460-05:00  INFO 19120 --- [auth-server] [main] r$InitializeUserDetailsManagerConfigurer : Global AuthenticationManager configured with UserDetailsService bean with name customUserDetailsService
2025-10-13T21:03:22.539-05:00  WARN 19120 --- [auth-server] [main] ConfigServletWebServerApplicationContext : Exception encountered during context initialization - cancelling refresh attempt: org.springframework.beans.factory.BeanCreationException: Error creating bean with name 'authorizationServerSecurityFilterChain' defined in class path resource [org/springframework/security/oauth2/server/authorization/config/annotation/web/configuration/OAuth2AuthorizationServerConfiguration.class]: Failed to instantiate [org.springframework.security.web.SecurityFilterChain]: Factory method 'authorizationServerSecurityFilterChain' threw exception with message: Error creating bean with name 'jwkSource' defined in class path resource [org/cibertec/conf/AuthorizationServerConf.class]: Failed to instantiate [com.nimbusds.jose.jwk.source.JWKSource]: Factory method 'jwkSource' threw exception with message: class path resource [keystore/auth-server.p12] cannot be opened because it does not exist
2025-10-13T21:03:22.540-05:00  INFO 19120 --- [auth-server] [main] j.LocalContainerEntityManagerFactoryBean : Closing JPA EntityManagerFactory for persistence unit 'default'
2025-10-13T21:03:22.541-05:00  INFO 19120 --- [auth-server] [main] com.zaxxer.hikari.HikariDataSource       : HikariPool-1 - Shutdown initiated...
2025-10-13T21:03:22.544-05:00  INFO 19120 --- [auth-server] [main] com.zaxxer.hikari.HikariDataSource       : HikariPool-1 - Shutdown completed.
2025-10-13T21:03:22.547-05:00  INFO 19120 --- [auth-server] [main] o.apache.catalina.core.StandardService   : Stopping service [Tomcat]
2025-10-13T21:03:22.557-05:00  INFO 19120 --- [auth-server] [main] .s.b.a.l.ConditionEvaluationReportLogger : 

Error starting ApplicationContext. To display the condition evaluation report re-run your application with 'debug' enabled.
2025-10-13T21:03:22.568-05:00 ERROR 19120 --- [auth-server] [main] o.s.boot.SpringApplication               : Application run failed

org.springframework.beans.factory.BeanCreationException: Error creating bean with name 'authorizationServerSecurityFilterChain' defined in class path resource [org/springframework/security/oauth2/server/authorization/config/annotation/web/configuration/OAuth2AuthorizationServerConfiguration.class]: Failed to instantiate [org.springframework.security.web.SecurityFilterChain]: Factory method 'authorizationServerSecurityFilterChain' threw exception with message: Error creating bean with name 'jwkSource' defined in class path resource [org/cibertec/conf/AuthorizationServerConf.class]: Failed to instantiate [com.nimbusds.jose.jwk.source.JWKSource]: Factory method 'jwkSource' threw exception with message: class path resource [keystore/auth-server.p12] cannot be opened because it does not exist
	at org.springframework.beans.factory.support.ConstructorResolver.instantiate(ConstructorResolver.java:657) ~[spring-beans-6.2.10.jar:6.2.10]
	at org.springframework.beans.factory.support.ConstructorResolver.instantiateUsingFactoryMethod(ConstructorResolver.java:645) ~[spring-beans-6.2.10.jar:6.2.10]
	at org.springframework.beans.factory.support.AbstractAutowireCapableBeanFactory.instantiateUsingFactoryMethod(AbstractAutowireCapableBeanFactory.java:1375) ~[spring-beans-6.2.10.jar:6.2.10]
	at org.springframework.beans.factory.support.AbstractAutowireCapableBeanFactory.createBeanInstance(AbstractAutowireCapableBeanFactory.java:1205) ~[spring-beans-6.2.10.jar:6.2.10]
	at org.springframework.beans.factory.support.AbstractAutowireCapableBeanFactory.doCreateBean(AbstractAutowireCapableBeanFactory.java:569) ~[spring-beans-6.2.10.jar:6.2.10]
	at org.springframework.beans.factory.support.AbstractAutowireCapableBeanFactory.createBean(AbstractAutowireCapableBeanFactory.java:529) ~[spring-beans-6.2.10.jar:6.2.10]
	at org.springframework.beans.factory.support.AbstractBeanFactory.lambda$doGetBean$0(AbstractBeanFactory.java:339) ~[spring-beans-6.2.10.jar:6.2.10]
	at org.springframework.beans.factory.support.DefaultSingletonBeanRegistry.getSingleton(DefaultSingletonBeanRegistry.java:373) ~[spring-beans-6.2.10.jar:6.2.10]
	at org.springframework.beans.factory.support.AbstractBeanFactory.doGetBean(AbstractBeanFactory.java:337) ~[spring-beans-6.2.10.jar:6.2.10]
	at org.springframework.beans.factory.support.AbstractBeanFactory.getBean(AbstractBeanFactory.java:202) ~[spring-beans-6.2.10.jar:6.2.10]
	at org.springframework.beans.factory.support.DefaultListableBeanFactory.instantiateSingleton(DefaultListableBeanFactory.java:1222) ~[spring-beans-6.2.10.jar:6.2.10]
	at org.springframework.beans.factory.support.DefaultListableBeanFactory.preInstantiateSingleton(DefaultListableBeanFactory.java:1188) ~[spring-beans-6.2.10.jar:6.2.10]
	at org.springframework.beans.factory.support.DefaultListableBeanFactory.preInstantiateSingletons(DefaultListableBeanFactory.java:1123) ~[spring-beans-6.2.10.jar:6.2.10]
	at org.springframework.context.support.AbstractApplicationContext.finishBeanFactoryInitialization(AbstractApplicationContext.java:987) ~[spring-context-6.2.10.jar:6.2.10]
	at org.springframework.context.support.AbstractApplicationContext.refresh(AbstractApplicationContext.java:627) ~[spring-context-6.2.10.jar:6.2.10]
	at org.springframework.boot.web.servlet.context.ServletWebServerApplicationContext.refresh(ServletWebServerApplicationContext.java:146) ~[spring-boot-3.4.9.jar:3.4.9]
	at org.springframework.boot.SpringApplication.refresh(SpringApplication.java:752) ~[spring-boot-3.4.9.jar:3.4.9]
	at org.springframework.boot.SpringApplication.refreshContext(SpringApplication.java:439) ~[spring-boot-3.4.9.jar:3.4.9]
	at org.springframework.boot.SpringApplication.run(SpringApplication.java:318) ~[spring-boot-3.4.9.jar:3.4.9]
	at org.springframework.boot.SpringApplication.run(SpringApplication.java:1361) ~[spring-boot-3.4.9.jar:3.4.9]
	at org.springframework.boot.SpringApplication.run(SpringApplication.java:1350) ~[spring-boot-3.4.9.jar:3.4.9]
	at org.cibertec.AuthServerApplication.main(AuthServerApplication.java:11) ~[classes/:na]
Caused by: org.springframework.beans.BeanInstantiationException: Failed to instantiate [org.springframework.security.web.SecurityFilterChain]: Factory method 'authorizationServerSecurityFilterChain' threw exception with message: Error creating bean with name 'jwkSource' defined in class path resource [org/cibertec/conf/AuthorizationServerConf.class]: Failed to instantiate [com.nimbusds.jose.jwk.source.JWKSource]: Factory method 'jwkSource' threw exception with message: class path resource [keystore/auth-server.p12] cannot be opened because it does not exist
	at org.springframework.beans.factory.support.SimpleInstantiationStrategy.lambda$instantiate$0(SimpleInstantiationStrategy.java:200) ~[spring-beans-6.2.10.jar:6.2.10]
	at org.springframework.beans.factory.support.SimpleInstantiationStrategy.instantiateWithFactoryMethod(SimpleInstantiationStrategy.java:89) ~[spring-beans-6.2.10.jar:6.2.10]
	at org.springframework.beans.factory.support.SimpleInstantiationStrategy.instantiate(SimpleInstantiationStrategy.java:169) ~[spring-beans-6.2.10.jar:6.2.10]
	at org.springframework.beans.factory.support.ConstructorResolver.instantiate(ConstructorResolver.java:653) ~[spring-beans-6.2.10.jar:6.2.10]
	... 21 common frames omitted
Caused by: org.springframework.beans.factory.BeanCreationException: Error creating bean with name 'jwkSource' defined in class path resource [org/cibertec/conf/AuthorizationServerConf.class]: Failed to instantiate [com.nimbusds.jose.jwk.source.JWKSource]: Factory method 'jwkSource' threw exception with message: class path resource [keystore/auth-server.p12] cannot be opened because it does not exist
	at org.springframework.beans.factory.support.ConstructorResolver.instantiate(ConstructorResolver.java:657) ~[spring-beans-6.2.10.jar:6.2.10]
	at org.springframework.beans.factory.support.ConstructorResolver.instantiateUsingFactoryMethod(ConstructorResolver.java:645) ~[spring-beans-6.2.10.jar:6.2.10]
	at org.springframework.beans.factory.support.AbstractAutowireCapableBeanFactory.instantiateUsingFactoryMethod(AbstractAutowireCapableBeanFactory.java:1375) ~[spring-beans-6.2.10.jar:6.2.10]
	at org.springframework.beans.factory.support.AbstractAutowireCapableBeanFactory.createBeanInstance(AbstractAutowireCapableBeanFactory.java:1205) ~[spring-beans-6.2.10.jar:6.2.10]
	at org.springframework.beans.factory.support.AbstractAutowireCapableBeanFactory.doCreateBean(AbstractAutowireCapableBeanFactory.java:569) ~[spring-beans-6.2.10.jar:6.2.10]
	at org.springframework.beans.factory.support.AbstractAutowireCapableBeanFactory.createBean(AbstractAutowireCapableBeanFactory.java:529) ~[spring-beans-6.2.10.jar:6.2.10]
	at org.springframework.beans.factory.support.AbstractBeanFactory.lambda$doGetBean$0(AbstractBeanFactory.java:339) ~[spring-beans-6.2.10.jar:6.2.10]
	at org.springframework.beans.factory.support.DefaultSingletonBeanRegistry.getSingleton(DefaultSingletonBeanRegistry.java:373) ~[spring-beans-6.2.10.jar:6.2.10]
	at org.springframework.beans.factory.support.AbstractBeanFactory.doGetBean(AbstractBeanFactory.java:337) ~[spring-beans-6.2.10.jar:6.2.10]
	at org.springframework.beans.factory.support.AbstractBeanFactory.getBean(AbstractBeanFactory.java:202) ~[spring-beans-6.2.10.jar:6.2.10]
	at org.springframework.context.support.AbstractApplicationContext.getBean(AbstractApplicationContext.java:1272) ~[spring-context-6.2.10.jar:6.2.10]
	at org.springframework.security.oauth2.server.authorization.config.annotation.web.configurers.OAuth2ConfigurerUtils.getOptionalBean(OAuth2ConfigurerUtils.java:243) ~[spring-security-oauth2-authorization-server-1.4.5.jar:1.4.5]
	at org.springframework.security.oauth2.server.authorization.config.annotation.web.configurers.OAuth2ConfigurerUtils.getJwkSource(OAuth2ConfigurerUtils.java:160) ~[spring-security-oauth2-authorization-server-1.4.5.jar:1.4.5]
	at org.springframework.security.oauth2.server.authorization.config.annotation.web.configurers.OAuth2ConfigurerUtils.getJwtEncoder(OAuth2ConfigurerUtils.java:143) ~[spring-security-oauth2-authorization-server-1.4.5.jar:1.4.5]
	at org.springframework.security.oauth2.server.authorization.config.annotation.web.configurers.OAuth2ConfigurerUtils.getJwtGenerator(OAuth2ConfigurerUtils.java:128) ~[spring-security-oauth2-authorization-server-1.4.5.jar:1.4.5]
	at org.springframework.security.oauth2.server.authorization.config.annotation.web.configurers.OAuth2ConfigurerUtils.getTokenGenerator(OAuth2ConfigurerUtils.java:108) ~[spring-security-oauth2-authorization-server-1.4.5.jar:1.4.5]
	at org.springframework.security.oauth2.server.authorization.config.annotation.web.configurers.OAuth2TokenEndpointConfigurer.createDefaultAuthenticationProviders(OAuth2TokenEndpointConfigurer.java:251) ~[spring-security-oauth2-authorization-server-1.4.5.jar:1.4.5]
	at org.springframework.security.oauth2.server.authorization.config.annotation.web.configurers.OAuth2TokenEndpointConfigurer.init(OAuth2TokenEndpointConfigurer.java:194) ~[spring-security-oauth2-authorization-server-1.4.5.jar:1.4.5]
	at org.springframework.security.oauth2.server.authorization.config.annotation.web.configurers.OAuth2AuthorizationServerConfigurer.lambda$init$4(OAuth2AuthorizationServerConfigurer.java:335) ~[spring-security-oauth2-authorization-server-1.4.5.jar:1.4.5]
	at java.base/java.util.LinkedHashMap$LinkedValues.forEach(LinkedHashMap.java:833) ~[na:na]
	at org.springframework.security.oauth2.server.authorization.config.annotation.web.configurers.OAuth2AuthorizationServerConfigurer.init(OAuth2AuthorizationServerConfigurer.java:334) ~[spring-security-oauth2-authorization-server-1.4.5.jar:1.4.5]
	at org.springframework.security.oauth2.server.authorization.config.annotation.web.configurers.OAuth2AuthorizationServerConfigurer.init(OAuth2AuthorizationServerConfigurer.java:83) ~[spring-security-oauth2-authorization-server-1.4.5.jar:1.4.5]
	at org.springframework.security.config.annotation.AbstractConfiguredSecurityBuilder.init(AbstractConfiguredSecurityBuilder.java:388) ~[spring-security-config-6.4.9.jar:6.4.9]
	at org.springframework.security.config.annotation.AbstractConfiguredSecurityBuilder.doBuild(AbstractConfiguredSecurityBuilder.java:350) ~[spring-security-config-6.4.9.jar:6.4.9]
	at org.springframework.security.config.annotation.AbstractSecurityBuilder.build(AbstractSecurityBuilder.java:38) ~[spring-security-config-6.4.9.jar:6.4.9]
	at org.springframework.security.oauth2.server.authorization.config.annotation.web.configuration.OAuth2AuthorizationServerConfiguration.authorizationServerSecurityFilterChain(OAuth2AuthorizationServerConfiguration.java:65) ~[spring-security-oauth2-authorization-server-1.4.5.jar:1.4.5]
	at java.base/jdk.internal.reflect.DirectMethodHandleAccessor.invoke(DirectMethodHandleAccessor.java:103) ~[na:na]
	at java.base/java.lang.reflect.Method.invoke(Method.java:580) ~[na:na]
	at org.springframework.beans.factory.support.SimpleInstantiationStrategy.lambda$instantiate$0(SimpleInstantiationStrategy.java:172) ~[spring-beans-6.2.10.jar:6.2.10]
	... 24 common frames omitted
Caused by: org.springframework.beans.BeanInstantiationException: Failed to instantiate [com.nimbusds.jose.jwk.source.JWKSource]: Factory method 'jwkSource' threw exception with message: class path resource [keystore/auth-server.p12] cannot be opened because it does not exist
	at org.springframework.beans.factory.support.SimpleInstantiationStrategy.lambda$instantiate$0(SimpleInstantiationStrategy.java:200) ~[spring-beans-6.2.10.jar:6.2.10]
	at org.springframework.beans.factory.support.SimpleInstantiationStrategy.instantiateWithFactoryMethod(SimpleInstantiationStrategy.java:89) ~[spring-beans-6.2.10.jar:6.2.10]
	at org.springframework.beans.factory.support.SimpleInstantiationStrategy.instantiate(SimpleInstantiationStrategy.java:169) ~[spring-beans-6.2.10.jar:6.2.10]
	at org.springframework.beans.factory.support.ConstructorResolver.instantiate(ConstructorResolver.java:653) ~[spring-beans-6.2.10.jar:6.2.10]
	... 52 common frames omitted
Caused by: java.io.FileNotFoundException: class path resource [keystore/auth-server.p12] cannot be opened because it does not exist
	at org.springframework.core.io.ClassPathResource.getInputStream(ClassPathResource.java:215) ~[spring-core-6.2.10.jar:6.2.10]
	at org.cibertec.conf.AuthorizationServerConf.jwkSource(AuthorizationServerConf.java:62) ~[classes/:na]
	at org.cibertec.conf.AuthorizationServerConf$$SpringCGLIB$$0.CGLIB$jwkSource$2(<generated>) ~[classes/:na]
	at org.cibertec.conf.AuthorizationServerConf$$SpringCGLIB$$FastClass$$1.invoke(<generated>) ~[classes/:na]
	at org.springframework.cglib.proxy.MethodProxy.invokeSuper(MethodProxy.java:258) ~[spring-core-6.2.10.jar:6.2.10]
	at org.springframework.context.annotation.ConfigurationClassEnhancer$BeanMethodInterceptor.intercept(ConfigurationClassEnhancer.java:400) ~[spring-context-6.2.10.jar:6.2.10]
	at org.cibertec.conf.AuthorizationServerConf$$SpringCGLIB$$0.jwkSource(<generated>) ~[classes/:na]
	at java.base/jdk.internal.reflect.DirectMethodHandleAccessor.invoke(DirectMethodHandleAccessor.java:103) ~[na:na]
	at java.base/java.lang.reflect.Method.invoke(Method.java:580) ~[na:na]
	at org.springframework.beans.factory.support.SimpleInstantiationStrategy.lambda$instantiate$0(SimpleInstantiationStrategy.java:172) ~[spring-beans-6.2.10.jar:6.2.10]
	... 55 common frames omitted

